Archive member included to satisfy reference by file (symbol)

d:/siliconlabs/simplicitystudio/v5/developer/toolchains/gnu_arm/12.2.rel1_2023.7/bin/../lib/gcc/arm-none-eabi/12.2.1/thumb/v8-m.main+fp/hard\libgcc.a(_aeabi_ldivmod.o)
                              ./simplicity_sdk_2025.6.2/platform/emlib/src/em_eusart.o (__aeabi_ldivmod)
d:/siliconlabs/simplicitystudio/v5/developer/toolchains/gnu_arm/12.2.rel1_2023.7/bin/../lib/gcc/arm-none-eabi/12.2.1/thumb/v8-m.main+fp/hard\libgcc.a(_aeabi_uldivmod.o)
                              ./simplicity_sdk_2025.6.2/platform/emlib/src/em_eusart.o (__aeabi_uldivmod)
d:/siliconlabs/simplicitystudio/v5/developer/toolchains/gnu_arm/12.2.rel1_2023.7/bin/../lib/gcc/arm-none-eabi/12.2.1/thumb/v8-m.main+fp/hard\libgcc.a(_udivmoddi4.o)
                              d:/siliconlabs/simplicitystudio/v5/developer/toolchains/gnu_arm/12.2.rel1_2023.7/bin/../lib/gcc/arm-none-eabi/12.2.1/thumb/v8-m.main+fp/hard\libgcc.a(_aeabi_ldivmod.o) (__udivmoddi4)
d:/siliconlabs/simplicitystudio/v5/developer/toolchains/gnu_arm/12.2.rel1_2023.7/bin/../lib/gcc/arm-none-eabi/12.2.1/thumb/v8-m.main+fp/hard\libgcc.a(_dvmd_tls.o)
                              d:/siliconlabs/simplicitystudio/v5/developer/toolchains/gnu_arm/12.2.rel1_2023.7/bin/../lib/gcc/arm-none-eabi/12.2.1/thumb/v8-m.main+fp/hard\libgcc.a(_aeabi_ldivmod.o) (__aeabi_ldiv0)
d:/siliconlabs/simplicitystudio/v5/developer/toolchains/gnu_arm/12.2.rel1_2023.7/bin/../lib/gcc/arm-none-eabi/12.2.1/thumb/v8-m.main+fp/hard\libc_nano.a(libc_a-exit.o)
                              d:/siliconlabs/simplicitystudio/v5/developer/toolchains/gnu_arm/12.2.rel1_2023.7/bin/../lib/gcc/arm-none-eabi/12.2.1/thumb/v8-m.main+fp/hard/crt0.o (exit)
d:/siliconlabs/simplicitystudio/v5/developer/toolchains/gnu_arm/12.2.rel1_2023.7/bin/../lib/gcc/arm-none-eabi/12.2.1/thumb/v8-m.main+fp/hard\libc_nano.a(libc_a-findfp.o)
                              d:/siliconlabs/simplicitystudio/v5/developer/toolchains/gnu_arm/12.2.rel1_2023.7/bin/../lib/gcc/arm-none-eabi/12.2.1/thumb/v8-m.main+fp/hard\libc_nano.a(libc_a-exit.o) (__stdio_exit_handler)
d:/siliconlabs/simplicitystudio/v5/developer/toolchains/gnu_arm/12.2.rel1_2023.7/bin/../lib/gcc/arm-none-eabi/12.2.1/thumb/v8-m.main+fp/hard\libc_nano.a(libc_a-fwalk.o)
                              d:/siliconlabs/simplicitystudio/v5/developer/toolchains/gnu_arm/12.2.rel1_2023.7/bin/../lib/gcc/arm-none-eabi/12.2.1/thumb/v8-m.main+fp/hard\libc_nano.a(libc_a-findfp.o) (_fwalk_sglue)
d:/siliconlabs/simplicitystudio/v5/developer/toolchains/gnu_arm/12.2.rel1_2023.7/bin/../lib/gcc/arm-none-eabi/12.2.1/thumb/v8-m.main+fp/hard\libc_nano.a(libc_a-stdio.o)
                              d:/siliconlabs/simplicitystudio/v5/developer/toolchains/gnu_arm/12.2.rel1_2023.7/bin/../lib/gcc/arm-none-eabi/12.2.1/thumb/v8-m.main+fp/hard\libc_nano.a(libc_a-findfp.o) (__sread)
d:/siliconlabs/simplicitystudio/v5/developer/toolchains/gnu_arm/12.2.rel1_2023.7/bin/../lib/gcc/arm-none-eabi/12.2.1/thumb/v8-m.main+fp/hard\libc_nano.a(libc_a-memcmp.o)
                              ./simplicity_sdk_2025.6.2/platform/bootloader/parser/gbl/btl_gbl_parser.o (memcmp)
d:/siliconlabs/simplicitystudio/v5/developer/toolchains/gnu_arm/12.2.rel1_2023.7/bin/../lib/gcc/arm-none-eabi/12.2.1/thumb/v8-m.main+fp/hard\libc_nano.a(libc_a-memmove.o)
                              ./simplicity_sdk_2025.6.2/platform/security/sl_component/sl_psa_driver/src/sli_se_driver_cipher.o (memmove)
d:/siliconlabs/simplicitystudio/v5/developer/toolchains/gnu_arm/12.2.rel1_2023.7/bin/../lib/gcc/arm-none-eabi/12.2.1/thumb/v8-m.main+fp/hard\libc_nano.a(libc_a-memset.o)
                              d:/siliconlabs/simplicitystudio/v5/developer/toolchains/gnu_arm/12.2.rel1_2023.7/bin/../lib/gcc/arm-none-eabi/12.2.1/thumb/v8-m.main+fp/hard/crt0.o (memset)
d:/siliconlabs/simplicitystudio/v5/developer/toolchains/gnu_arm/12.2.rel1_2023.7/bin/../lib/gcc/arm-none-eabi/12.2.1/thumb/v8-m.main+fp/hard\libc_nano.a(libc_a-closer.o)
                              d:/siliconlabs/simplicitystudio/v5/developer/toolchains/gnu_arm/12.2.rel1_2023.7/bin/../lib/gcc/arm-none-eabi/12.2.1/thumb/v8-m.main+fp/hard\libc_nano.a(libc_a-stdio.o) (_close_r)
d:/siliconlabs/simplicitystudio/v5/developer/toolchains/gnu_arm/12.2.rel1_2023.7/bin/../lib/gcc/arm-none-eabi/12.2.1/thumb/v8-m.main+fp/hard\libc_nano.a(libc_a-reent.o)
                              d:/siliconlabs/simplicitystudio/v5/developer/toolchains/gnu_arm/12.2.rel1_2023.7/bin/../lib/gcc/arm-none-eabi/12.2.1/thumb/v8-m.main+fp/hard\libc_nano.a(libc_a-closer.o) (errno)
d:/siliconlabs/simplicitystudio/v5/developer/toolchains/gnu_arm/12.2.rel1_2023.7/bin/../lib/gcc/arm-none-eabi/12.2.1/thumb/v8-m.main+fp/hard\libc_nano.a(libc_a-impure.o)
                              d:/siliconlabs/simplicitystudio/v5/developer/toolchains/gnu_arm/12.2.rel1_2023.7/bin/../lib/gcc/arm-none-eabi/12.2.1/thumb/v8-m.main+fp/hard\libc_nano.a(libc_a-reent.o) (_impure_ptr)
[...]
Memory Configuration

Name             Origin             Length             Attributes
FLASH            0x08000000         0x00006000         xr
RAM              0x20000004         0x0003fffc         xrw
BOOTLOADER_RESET_REGION 0x20000000         0x00000004         xrw
*default*        0x00000000         0xffffffff

Linker script and memory map

LOAD d:/siliconlabs/simplicitystudio/v5/developer/toolchains/gnu_arm/12.2.rel1_2023.7/bin/../lib/gcc/arm-none-eabi/12.2.1/thumb/v8-m.main+fp/hard/crti.o
LOAD d:/siliconlabs/simplicitystudio/v5/developer/toolchains/gnu_arm/12.2.rel1_2023.7/bin/../lib/gcc/arm-none-eabi/12.2.1/thumb/v8-m.main+fp/hard/crtbegin.o
LOAD d:/siliconlabs/simplicitystudio/v5/developer/toolchains/gnu_arm/12.2.rel1_2023.7/bin/../lib/gcc/arm-none-eabi/12.2.1/thumb/v8-m.main+fp/hard/crt0.o
START GROUP
LOAD ./simplicity_sdk_2025.6.2/platform/Device/SiliconLabs/EFR32ZG28/Source/startup_efr32zg28.o
LOAD ./simplicity_sdk_2025.6.2/platform/Device/SiliconLabs/EFR32ZG28/Source/system_efr32zg28.o
LOAD ./simplicity_sdk_2025.6.2/platform/bootloader/core/btl_bootload.o
LOAD ./simplicity_sdk_2025.6.2/platform/bootloader/core/btl_core.o
LOAD ./simplicity_sdk_2025.6.2/platform/bootloader/core/btl_main.o
LOAD ./simplicity_sdk_2025.6.2/platform/bootloader/core/btl_parse.o
LOAD ./simplicity_sdk_2025.6.2/platform/bootloader/core/btl_reset.o
LOAD ./simplicity_sdk_2025.6.2/platform/bootloader/core/flash/btl_internal_flash.o
LOAD ./simplicity_sdk_2025.6.2/platform/bootloader/debug/btl_debug.o
LOAD ./simplicity_sdk_2025.6.2/platform/bootloader/debug/btl_debug_swo.o
LOAD ./simplicity_sdk_2025.6.2/platform/bootloader/driver/btl_driver_util.o
LOAD ./simplicity_sdk_2025.6.2/platform/bootloader/parser/gbl/btl_gbl_custom_tags.o
LOAD ./simplicity_sdk_2025.6.2/platform/bootloader/parser/gbl/btl_gbl_format.o
LOAD ./simplicity_sdk_2025.6.2/platform/bootloader/parser/gbl/btl_gbl_parser.o
LOAD ./simplicity_sdk_2025.6.2/platform/bootloader/security/btl_crc16.o
LOAD ./simplicity_sdk_2025.6.2/platform/bootloader/security/btl_crc32.o
LOAD ./simplicity_sdk_2025.6.2/platform/bootloader/security/btl_security_aes.o
LOAD ./simplicity_sdk_2025.6.2/platform/bootloader/security/btl_security_ecdsa.o
LOAD ./simplicity_sdk_2025.6.2/platform/bootloader/security/btl_security_sha256.o
LOAD ./simplicity_sdk_2025.6.2/platform/bootloader/security/btl_security_tokens.o
LOAD ./simplicity_sdk_2025.6.2/platform/bootloader/security/ecc/ecc.o
LOAD ./simplicity_sdk_2025.6.2/platform/bootloader/security/sha/btl_sha256.o
LOAD ./simplicity_sdk_2025.6.2/platform/bootloader/security/sha/crypto_sha.o
LOAD ./simplicity_sdk_2025.6.2/platform/bootloader/security/sha/cryptoacc_sha.o
LOAD ./simplicity_sdk_2025.6.2/platform/bootloader/security/sha/se_sha.o
LOAD ./simplicity_sdk_2025.6.2/platform/bootloader/storage/bootloadinfo/btl_storage_bootloadinfo_single.o
LOAD ./simplicity_sdk_2025.6.2/platform/bootloader/storage/btl_storage.o
LOAD ./simplicity_sdk_2025.6.2/platform/bootloader/storage/btl_storage_library.o
LOAD ./simplicity_sdk_2025.6.2/platform/bootloader/storage/internal_flash/btl_storage_internal_flash.o
LOAD ./simplicity_sdk_2025.6.2/platform/common/src/sl_assert.o
LOAD ./simplicity_sdk_2025.6.2/platform/common/src/sl_core_cortexm.o
LOAD ./simplicity_sdk_2025.6.2/platform/common/src/sl_syscalls.o
LOAD ./simplicity_sdk_2025.6.2/platform/emlib/src/em_acmp.o
LOAD ./simplicity_sdk_2025.6.2/platform/emlib/src/em_burtc.o
LOAD ./simplicity_sdk_2025.6.2/platform/emlib/src/em_cmu.o
LOAD ./simplicity_sdk_2025.6.2/platform/emlib/src/em_dbg.o
LOAD ./simplicity_sdk_2025.6.2/platform/emlib/src/em_emu.o
LOAD ./simplicity_sdk_2025.6.2/platform/emlib/src/em_eusart.o
LOAD ./simplicity_sdk_2025.6.2/platform/emlib/src/em_gpcrc.o
LOAD ./simplicity_sdk_2025.6.2/platform/emlib/src/em_gpio.o
LOAD ./simplicity_sdk_2025.6.2/platform/emlib/src/em_i2c.o
LOAD ./simplicity_sdk_2025.6.2/platform/emlib/src/em_iadc.o
LOAD ./simplicity_sdk_2025.6.2/platform/emlib/src/em_lcd.o
LOAD ./simplicity_sdk_2025.6.2/platform/emlib/src/em_ldma.o
LOAD ./simplicity_sdk_2025.6.2/platform/emlib/src/em_lesense.o
LOAD ./simplicity_sdk_2025.6.2/platform/emlib/src/em_letimer.o
LOAD ./simplicity_sdk_2025.6.2/platform/emlib/src/em_msc.o
LOAD ./simplicity_sdk_2025.6.2/platform/emlib/src/em_opamp.o
LOAD ./simplicity_sdk_2025.6.2/platform/emlib/src/em_pcnt.o
LOAD ./simplicity_sdk_2025.6.2/platform/emlib/src/em_prs.o
LOAD ./simplicity_sdk_2025.6.2/platform/emlib/src/em_rmu.o
LOAD ./simplicity_sdk_2025.6.2/platform/emlib/src/em_system.o
LOAD ./simplicity_sdk_2025.6.2/platform/emlib/src/em_timer.o
LOAD ./simplicity_sdk_2025.6.2/platform/emlib/src/em_usart.o
LOAD ./simplicity_sdk_2025.6.2/platform/emlib/src/em_vdac.o
LOAD ./simplicity_sdk_2025.6.2/platform/emlib/src/em_wdog.o
LOAD ./simplicity_sdk_2025.6.2/platform/security/sl_component/se_manager/src/sl_se_manager.o
LOAD ./simplicity_sdk_2025.6.2/platform/security/sl_component/se_manager/src/sl_se_manager_attestation.o
LOAD ./simplicity_sdk_2025.6.2/platform/security/sl_component/se_manager/src/sl_se_manager_cipher.o
LOAD ./simplicity_sdk_2025.6.2/platform/security/sl_component/se_manager/src/sl_se_manager_entropy.o
LOAD ./simplicity_sdk_2025.6.2/platform/security/sl_component/se_manager/src/sl_se_manager_hash.o
LOAD ./simplicity_sdk_2025.6.2/platform/security/sl_component/se_manager/src/sl_se_manager_key_derivation.o
LOAD ./simplicity_sdk_2025.6.2/platform/security/sl_component/se_manager/src/sl_se_manager_key_handling.o
LOAD ./simplicity_sdk_2025.6.2/platform/security/sl_component/se_manager/src/sl_se_manager_signature.o
LOAD ./simplicity_sdk_2025.6.2/platform/security/sl_component/se_manager/src/sl_se_manager_util.o
LOAD ./simplicity_sdk_2025.6.2/platform/security/sl_component/se_manager/src/sli_se_manager_mailbox.o
LOAD ./simplicity_sdk_2025.6.2/platform/security/sl_component/sl_mbedtls_support/src/se_aes.o
LOAD ./simplicity_sdk_2025.6.2/platform/security/sl_component/sl_mbedtls_support/src/sl_mbedtls.o
LOAD ./simplicity_sdk_2025.6.2/platform/security/sl_component/sl_psa_driver/src/sli_psa_driver_common.o
LOAD ./simplicity_sdk_2025.6.2/platform/security/sl_component/sl_psa_driver/src/sli_psa_driver_init.o
LOAD ./simplicity_sdk_2025.6.2/platform/security/sl_component/sl_psa_driver/src/sli_se_driver_aead.o
LOAD ./simplicity_sdk_2025.6.2/platform/security/sl_component/sl_psa_driver/src/sli_se_driver_builtin_keys.o
LOAD ./simplicity_sdk_2025.6.2/platform/security/sl_component/sl_psa_driver/src/sli_se_driver_cipher.o
LOAD ./simplicity_sdk_2025.6.2/platform/security/sl_component/sl_psa_driver/src/sli_se_driver_key_derivation.o
LOAD ./simplicity_sdk_2025.6.2/platform/security/sl_component/sl_psa_driver/src/sli_se_driver_key_management.o
LOAD ./simplicity_sdk_2025.6.2/platform/security/sl_component/sl_psa_driver/src/sli_se_driver_mac.o
LOAD ./simplicity_sdk_2025.6.2/platform/security/sl_component/sl_psa_driver/src/sli_se_driver_signature.o
LOAD ./simplicity_sdk_2025.6.2/platform/security/sl_component/sl_psa_driver/src/sli_se_opaque_driver_aead.o
LOAD ./simplicity_sdk_2025.6.2/platform/security/sl_component/sl_psa_driver/src/sli_se_opaque_driver_cipher.o
LOAD ./simplicity_sdk_2025.6.2/platform/security/sl_component/sl_psa_driver/src/sli_se_opaque_driver_mac.o
LOAD ./simplicity_sdk_2025.6.2/platform/security/sl_component/sl_psa_driver/src/sli_se_opaque_key_derivation.o
LOAD ./simplicity_sdk_2025.6.2/platform/security/sl_component/sl_psa_driver/src/sli_se_transparent_driver_aead.o
LOAD ./simplicity_sdk_2025.6.2/platform/security/sl_component/sl_psa_driver/src/sli_se_transparent_driver_cipher.o
LOAD ./simplicity_sdk_2025.6.2/platform/security/sl_component/sl_psa_driver/src/sli_se_transparent_driver_hash.o
LOAD ./simplicity_sdk_2025.6.2/platform/security/sl_component/sl_psa_driver/src/sli_se_transparent_driver_mac.o
LOAD ./simplicity_sdk_2025.6.2/platform/security/sl_component/sl_psa_driver/src/sli_se_transparent_key_derivation.o
LOAD ./simplicity_sdk_2025.6.2/platform/security/sl_component/sl_psa_driver/src/sli_se_version_dependencies.o
LOAD ./simplicity_sdk_2025.6.2/platform/service/memory_manager/src/sl_memory_manager.o
LOAD ./simplicity_sdk_2025.6.2/platform/service/memory_manager/src/sl_memory_manager_dynamic_reservation.o
LOAD ./simplicity_sdk_2025.6.2/platform/service/memory_manager/src/sl_memory_manager_pool.o
LOAD ./simplicity_sdk_2025.6.2/platform/service/memory_manager/src/sl_memory_manager_pool_common.o
LOAD ./simplicity_sdk_2025.6.2/platform/service/memory_manager/src/sl_memory_manager_region.o
LOAD ./simplicity_sdk_2025.6.2/platform/service/memory_manager/src/sl_memory_manager_retarget.o
LOAD ./simplicity_sdk_2025.6.2/platform/service/memory_manager/src/sli_memory_manager_common.o
LOAD ./simplicity_sdk_2025.6.2/util/third_party/mbedtls/library/aes.o
LOAD ./simplicity_sdk_2025.6.2/util/third_party/mbedtls/library/constant_time.o
LOAD ./simplicity_sdk_2025.6.2/util/third_party/mbedtls/library/platform.o
LOAD ./simplicity_sdk_2025.6.2/util/third_party/mbedtls/library/platform_util.o
LOAD ./simplicity_sdk_2025.6.2/util/third_party/mbedtls/library/psa_crypto_client.o
LOAD ./simplicity_sdk_2025.6.2/util/third_party/mbedtls/library/psa_util.o
LOAD ./simplicity_sdk_2025.6.2/util/third_party/mbedtls/library/threading.o
LOAD ./simplicity_sdk_2025.6.2/util/third_party/trusted-firmware-m/lib/fih/src/fih.o
LOAD ./simplicity_sdk_2025.6.2/util/third_party/trusted-firmware-m/platform/ext/target/siliconlabs/hse/sli_se.o
LOAD d:/siliconlabs/simplicitystudio/v5/developer/toolchains/gnu_arm/12.2.rel1_2023.7/bin/../lib/gcc/arm-none-eabi/12.2.1/thumb/v8-m.main+fp/hard\libgcc.a
LOAD d:/siliconlabs/simplicitystudio/v5/developer/toolchains/gnu_arm/12.2.rel1_2023.7/bin/../lib/gcc/arm-none-eabi/12.2.1/thumb/v8-m.main+fp/hard\libc_nano.a
LOAD d:/siliconlabs/simplicitystudio/v5/developer/toolchains/gnu_arm/12.2.rel1_2023.7/bin/../lib/gcc/arm-none-eabi/12.2.1/thumb/v8-m.main+fp/hard\libm.a
LOAD d:/siliconlabs/simplicitystudio/v5/developer/toolchains/gnu_arm/12.2.rel1_2023.7/bin/../lib/gcc/arm-none-eabi/12.2.1/thumb/v8-m.main+fp/hard\libnosys.a
END GROUP
START GROUP
LOAD d:/siliconlabs/simplicitystudio/v5/developer/toolchains/gnu_arm/12.2.rel1_2023.7/bin/../lib/gcc/arm-none-eabi/12.2.1/thumb/v8-m.main+fp/hard\libgcc.a
LOAD d:/siliconlabs/simplicitystudio/v5/developer/toolchains/gnu_arm/12.2.rel1_2023.7/bin/../lib/gcc/arm-none-eabi/12.2.1/thumb/v8-m.main+fp/hard\libc_nano.a
LOAD d:/siliconlabs/simplicitystudio/v5/developer/toolchains/gnu_arm/12.2.rel1_2023.7/bin/../lib/gcc/arm-none-eabi/12.2.1/thumb/v8-m.main+fp/hard\libnosys.a
END GROUP
START GROUP
LOAD d:/siliconlabs/simplicitystudio/v5/developer/toolchains/gnu_arm/12.2.rel1_2023.7/bin/../lib/gcc/arm-none-eabi/12.2.1/thumb/v8-m.main+fp/hard\libgcc.a
LOAD d:/siliconlabs/simplicitystudio/v5/developer/toolchains/gnu_arm/12.2.rel1_2023.7/bin/../lib/gcc/arm-none-eabi/12.2.1/thumb/v8-m.main+fp/hard\libg_nano.a
LOAD d:/siliconlabs/simplicitystudio/v5/developer/toolchains/gnu_arm/12.2.rel1_2023.7/bin/../lib/gcc/arm-none-eabi/12.2.1/thumb/v8-m.main+fp/hard\libc_nano.a
END GROUP
START GROUP
LOAD d:/siliconlabs/simplicitystudio/v5/developer/toolchains/gnu_arm/12.2.rel1_2023.7/bin/../lib/gcc/arm-none-eabi/12.2.1/thumb/v8-m.main+fp/hard\libgcc.a
LOAD d:/siliconlabs/simplicitystudio/v5/developer/toolchains/gnu_arm/12.2.rel1_2023.7/bin/../lib/gcc/arm-none-eabi/12.2.1/thumb/v8-m.main+fp/hard\libc_nano.a
END GROUP
LOAD d:/siliconlabs/simplicitystudio/v5/developer/toolchains/gnu_arm/12.2.rel1_2023.7/bin/../lib/gcc/arm-none-eabi/12.2.1/thumb/v8-m.main+fp/hard/crtend.o
LOAD d:/siliconlabs/simplicitystudio/v5/developer/toolchains/gnu_arm/12.2.rel1_2023.7/bin/../lib/gcc/arm-none-eabi/12.2.1/thumb/v8-m.main+fp/hard/crtn.o

.vectors        0x08000000      0x17c
                0x08000000                linker_vectors_begin = .
 *(.vectors)
 .vectors       0x08000000      0x17c ./simplicity_sdk_2025.6.2/platform/Device/SiliconLabs/EFR32ZG28/Source/startup_efr32zg28.o
                0x08000000                __Vectors
                0x0800017c                linker_vectors_end = .
                0x0800017c                __Vectors_End = .
                0x0800017c                __Vectors_Size = (__Vectors_End - __Vectors)

.bootloader_reset_section
                0x20000000        0x4
                0x20000000                __ResetReasonStart__ = .
                0x20000004                . = (. + 0x4)
 *fill*         0x20000000        0x4 
                0x20000004                . = ALIGN (0x4)
                0x20000004                __ResetReasonEnd__ = .

.stack          0x20000008     0x1000
                0x20000008                . = ALIGN (0x8)
                0x20000008                __StackLimit = .
 *(.stack*)
 .stack         0x20000008     0x1000 ./simplicity_sdk_2025.6.2/platform/service/memory_manager/src/sl_memory_manager_region.o
                0x20001008                . = ALIGN (0x4)
                0x20001008                __StackTop = .
                0x20001008                PROVIDE (__stack = __StackTop)

.stackseal      0x20001008        0x8
                0x20001008                __StackSeal = .
                0x20001010                . = (. + 0x8)
 *fill*         0x20001008        0x8 
                0x20001010                . = ALIGN (0x8)

.bss            0x20001010       0x1c
                0x20001010                . = ALIGN (0x4)
                0x20001010                __bss_start__ = .
 *(SORT_BY_ALIGNMENT(.bss*))
 .bss.object.0  0x20001010       0x18 d:/siliconlabs/simplicitystudio/v5/developer/toolchains/gnu_arm/12.2.rel1_2023.7/bin/../lib/gcc/arm-none-eabi/12.2.1/thumb/v8-m.main+fp/hard/crtbegin.o
 .bss.completed.1
                0x20001028        0x1 d:/siliconlabs/simplicitystudio/v5/developer/toolchains/gnu_arm/12.2.rel1_2023.7/bin/../lib/gcc/arm-none-eabi/12.2.1/thumb/v8-m.main+fp/hard/crtbegin.o
 *(COMMON)
                0x2000102c                . = ALIGN (0x4)
 *fill*         0x20001029        0x3 
                0x2000102c                __bss_end__ = .

.noinit
 *(.noinit*)

text_application_ram
                0x2000102c        0x0 load address 0x0800017c
                0x2000102c                . = ALIGN (0x4)
                0x2000102c                __vma_ramfuncs_start__ = .
                0x2000102c                __text_application_ram_start__ = .
 *(text_application_ram)
                0x2000102c                . = ALIGN (0x4)
                0x2000102c                __vma_ramfuncs_end__ = .
                0x2000102c                __text_application_ram_end__ = .
                0x0800017c                __lma_ramfuncs_start__ = LOADADDR (text_application_ram)
                0x0800017c                __lma_ramfuncs_end__ = (LOADADDR (text_application_ram) + SIZEOF (text_application_ram))

.rodata         0x0800017c        0x0
                0x0800017c                __rodata_end__ = .

.text           0x08000180     0x25c8
                0x08000180                linker_code_begin = .
 *(SORT_BY_ALIGNMENT(.text*))
 .text.Reset_Handler
                0x08000180       0x38 ./simplicity_sdk_2025.6.2/platform/Device/SiliconLabs/EFR32ZG28/Source/startup_efr32zg28.o
                0x08000180                Reset_Handler
 .text.deregister_tm_clones
                0x080001b8       0x1c d:/siliconlabs/simplicitystudio/v5/developer/toolchains/gnu_arm/12.2.rel1_2023.7/bin/../lib/gcc/arm-none-eabi/12.2.1/thumb/v8-m.main+fp/hard/crtbegin.o
 .text.register_tm_clones
                0x080001d4       0x28 d:/siliconlabs/simplicitystudio/v5/developer/toolchains/gnu_arm/12.2.rel1_2023.7/bin/../lib/gcc/arm-none-eabi/12.2.1/thumb/v8-m.main+fp/hard/crtbegin.o
 .text.__do_global_dtors_aux
                0x080001fc       0x28 d:/siliconlabs/simplicitystudio/v5/developer/toolchains/gnu_arm/12.2.rel1_2023.7/bin/../lib/gcc/arm-none-eabi/12.2.1/thumb/v8-m.main+fp/hard/crtbegin.o
 .text.frame_dummy
                0x08000224       0x24 d:/siliconlabs/simplicitystudio/v5/developer/toolchains/gnu_arm/12.2.rel1_2023.7/bin/../lib/gcc/arm-none-eabi/12.2.1/thumb/v8-m.main+fp/hard/crtbegin.o
 .text.Copy_Table
                0x08000248       0x28 ./simplicity_sdk_2025.6.2/platform/Device/SiliconLabs/EFR32ZG28/Source/startup_efr32zg28.o
                0x08000248                Copy_Table
 .text.Zero_Table
                0x08000270       0x24 ./simplicity_sdk_2025.6.2/platform/Device/SiliconLabs/EFR32ZG28/Source/startup_efr32zg28.o
                0x08000270                Zero_Table
 .text.SystemInit
                0x08000294       0x1c ./simplicity_sdk_2025.6.2/platform/Device/SiliconLabs/EFR32ZG28/Source/system_efr32zg28.o
                0x08000294                SystemInit
 .text.bootload_applicationCallback
                0x080002b0       0x2c ./simplicity_sdk_2025.6.2/platform/bootloader/core/btl_bootload.o
                0x080002b0                bootload_applicationCallback
 .text.bootload_bootloaderCallback
                0x080002dc       0x48 ./simplicity_sdk_2025.6.2/platform/bootloader/core/btl_bootload.o
                0x080002dc                bootload_bootloaderCallback
 .text.bootload_checkApplicationPropertiesMagic
                0x08000324       0x4c ./simplicity_sdk_2025.6.2/platform/bootloader/core/btl_bootload.o
                0x08000324                bootload_checkApplicationPropertiesMagic
 .text.bootload_verifyApplication
                0x08000370       0xe4 ./simplicity_sdk_2025.6.2/platform/bootloader/core/btl_bootload.o
                0x08000370                bootload_verifyApplication
 .text.bootload_commitBootloaderUpgrade
                0x08000454       0x94 ./simplicity_sdk_2025.6.2/platform/bootloader/core/btl_bootload.o
                0x08000454                bootload_commitBootloaderUpgrade
 .text.bootload_commitSeUpgrade
                0x080004e8       0x6c ./simplicity_sdk_2025.6.2/platform/bootloader/core/btl_bootload.o
                0x080004e8                bootload_commitSeUpgrade
 .text.bootload_getSeVersion
                0x08000554       0x50 ./simplicity_sdk_2025.6.2/platform/bootloader/core/btl_bootload.o
                0x08000554                bootload_getSeVersion
 .text.bootload_getUpgradeLocation
                0x080005a4        0x8 ./simplicity_sdk_2025.6.2/platform/bootloader/core/btl_bootload.o
                0x080005a4                bootload_getUpgradeLocation
 .text.btl_getPeripheralList
                0x080005ac       0x30 ./simplicity_sdk_2025.6.2/platform/bootloader/core/btl_main.o
 .text.SystemInit2
                0x080005dc      0x12c ./simplicity_sdk_2025.6.2/platform/bootloader/core/btl_main.o
                0x080005dc                SystemInit2
 .text.reset_invalidateResetReason
                0x08000708       0x10 ./simplicity_sdk_2025.6.2/platform/bootloader/core/btl_reset.o
                0x08000708                reset_invalidateResetReason
 .text.reset_enableResetCounter
                0x08000718       0x10 ./simplicity_sdk_2025.6.2/platform/bootloader/core/btl_reset.o
                0x08000718                reset_enableResetCounter
 .text.reset_disableResetCounter
                0x08000728       0x10 ./simplicity_sdk_2025.6.2/platform/bootloader/core/btl_reset.o
                0x08000728                reset_disableResetCounter
 .text.reset_resetCounterEnabled
                0x08000738       0x1c ./simplicity_sdk_2025.6.2/platform/bootloader/core/btl_reset.o
                0x08000738                reset_resetCounterEnabled
 .text.reset_setResetReason
                0x08000754       0x18 ./simplicity_sdk_2025.6.2/platform/bootloader/core/btl_reset.o
                0x08000754                reset_setResetReason
 .text.reset_getResetCounter
                0x0800076c       0x18 ./simplicity_sdk_2025.6.2/platform/bootloader/core/btl_reset.o
                0x0800076c                reset_getResetCounter
 .text.reset_incrementResetCounter
                0x08000784       0x24 ./simplicity_sdk_2025.6.2/platform/bootloader/core/btl_reset.o
                0x08000784                reset_incrementResetCounter
 .text.reset_resetWithReason
                0x080007a8       0x28 ./simplicity_sdk_2025.6.2/platform/bootloader/core/btl_reset.o
                0x080007a8                reset_resetWithReason
 .text.reset_classifyReset
                0x080007d0       0x2c ./simplicity_sdk_2025.6.2/platform/bootloader/core/btl_reset.o
                0x080007d0                reset_classifyReset
 .text.flash_erasePage
                0x080007fc       0x1c ./simplicity_sdk_2025.6.2/platform/bootloader/core/flash/btl_internal_flash.o
                0x080007fc                flash_erasePage
 .text.flash_writeBuffer_dma
                0x08000818       0x50 ./simplicity_sdk_2025.6.2/platform/bootloader/core/flash/btl_internal_flash.o
                0x08000818                flash_writeBuffer_dma
 .text.flash_writeBuffer
                0x08000868       0x2c ./simplicity_sdk_2025.6.2/platform/bootloader/core/flash/btl_internal_flash.o
                0x08000868                flash_writeBuffer
 .text.gbl_getTagParsingInfoFromTagId
                0x08000894       0x24 ./simplicity_sdk_2025.6.2/platform/bootloader/parser/gbl/btl_gbl_format.o
                0x08000894                gbl_getTagParsingInfoFromTagId
 .text.gbl_parseHeader
                0x080008b8       0x7c ./simplicity_sdk_2025.6.2/platform/bootloader/parser/gbl/btl_gbl_parser.o
 .text.gbl_writeProgData
                0x08000934       0xa8 ./simplicity_sdk_2025.6.2/platform/bootloader/parser/gbl/btl_gbl_parser.o
                0x08000934                gbl_writeProgData
 .text.parser_init
                0x080009dc       0x74 ./simplicity_sdk_2025.6.2/platform/bootloader/parser/gbl/btl_gbl_parser.o
                0x080009dc                parser_init
 .text.parser_parse
                0x08000a50      0x640 ./simplicity_sdk_2025.6.2/platform/bootloader/parser/gbl/btl_gbl_parser.o
                0x08000a50                parser_parse
 .text.btl_crc32Stream
                0x08001090       0x30 ./simplicity_sdk_2025.6.2/platform/bootloader/security/btl_crc32.o
                0x08001090                btl_crc32Stream
 .text.btl_initAesCcm
                0x080010c0       0x58 ./simplicity_sdk_2025.6.2/platform/bootloader/security/btl_security_aes.o
                0x080010c0                btl_initAesCcm
 .text.btl_verifyEcdsaP256r1
                0x08001118      0x100 ./simplicity_sdk_2025.6.2/platform/bootloader/security/btl_security_ecdsa.o
                0x08001118                btl_verifyEcdsaP256r1
 .text.btl_initSha256
                0x08001218       0x20 ./simplicity_sdk_2025.6.2/platform/bootloader/security/btl_security_sha256.o
                0x08001218                btl_initSha256
 .text.btl_getSignedBootloaderKeyXPtr
                0x08001238       0x3c ./simplicity_sdk_2025.6.2/platform/bootloader/security/btl_security_tokens.o
                0x08001238                btl_getSignedBootloaderKeyXPtr
 .text.btl_getSignedBootloaderKeyYPtr
                0x08001274       0x3c ./simplicity_sdk_2025.6.2/platform/bootloader/security/btl_security_tokens.o
                0x08001274                btl_getSignedBootloaderKeyYPtr
 .text.btl_getImageFileEncryptionKeyPtr
                0x080012b0        0x8 ./simplicity_sdk_2025.6.2/platform/bootloader/security/btl_security_tokens.o
                0x080012b0                btl_getImageFileEncryptionKeyPtr
 .text.sha_x_update
                0x080012b8       0xbc ./simplicity_sdk_2025.6.2/platform/bootloader/security/sha/btl_sha256.o
                0x080012b8                sha_x_update
 .text.sha_x_finish.part.0
                0x08001374       0x98 ./simplicity_sdk_2025.6.2/platform/bootloader/security/sha/btl_sha256.o
 .text.sha_x_process
                0x0800140c       0xac ./simplicity_sdk_2025.6.2/platform/bootloader/security/sha/se_sha.o
                0x0800140c                sha_x_process
 .text.installImageFromSlot.constprop.0
                0x080014b8       0xa0 ./simplicity_sdk_2025.6.2/platform/bootloader/storage/btl_storage.o
 .text.storage_getSlotInfo
                0x08001558       0x30 ./simplicity_sdk_2025.6.2/platform/bootloader/storage/btl_storage_library.o
                0x08001558                storage_getSlotInfo
 .text.storage_readSlot
                0x08001588       0x44 ./simplicity_sdk_2025.6.2/platform/bootloader/storage/btl_storage_library.o
                0x08001588                storage_readSlot
 .text.advanceParser
                0x080015cc       0x7c ./simplicity_sdk_2025.6.2/platform/bootloader/storage/btl_storage_library.o
 .text.storage_getSlotMetadata
                0x08001648       0x84 ./simplicity_sdk_2025.6.2/platform/bootloader/storage/btl_storage_library.o
                0x08001648                storage_getSlotMetadata
 .text.storage_writeSlot
                0x080016cc       0x44 ./simplicity_sdk_2025.6.2/platform/bootloader/storage/btl_storage_library.o
                0x080016cc                storage_writeSlot
 .text.storage_eraseSlot
                0x08001710       0x24 ./simplicity_sdk_2025.6.2/platform/bootloader/storage/btl_storage_library.o
                0x08001710                storage_eraseSlot
 .text.storage_getInfo
                0x08001734       0x44 ./simplicity_sdk_2025.6.2/platform/bootloader/storage/btl_storage_library.o
                0x08001734                storage_getInfo
 .text.storage_upgradeSeFromSlot
                0x08001778       0x3c ./simplicity_sdk_2025.6.2/platform/bootloader/storage/btl_storage_library.o
                0x08001778                storage_upgradeSeFromSlot
 .text.storage_bootloadBootloaderFromSlot
                0x080017b4       0x48 ./simplicity_sdk_2025.6.2/platform/bootloader/storage/btl_storage_library.o
                0x080017b4                storage_bootloadBootloaderFromSlot
 .text.storage_bootloadApplicationFromSlot
                0x080017fc       0x3c ./simplicity_sdk_2025.6.2/platform/bootloader/storage/btl_storage_library.o
                0x080017fc                storage_bootloadApplicationFromSlot
 .text.getDeviceInfo
                0x08001838       0x1c ./simplicity_sdk_2025.6.2/platform/bootloader/storage/internal_flash/btl_storage_internal_flash.o
                0x08001838                getDeviceInfo
 .text.storage_init
                0x08001854       0x10 ./simplicity_sdk_2025.6.2/platform/bootloader/storage/internal_flash/btl_storage_internal_flash.o
                0x08001854                storage_init
 .text.storage_isBusy
                0x08001864       0x10 ./simplicity_sdk_2025.6.2/platform/bootloader/storage/internal_flash/btl_storage_internal_flash.o
                0x08001864                storage_isBusy
 .text.storage_shutdown
                0x08001874       0x10 ./simplicity_sdk_2025.6.2/platform/bootloader/storage/internal_flash/btl_storage_internal_flash.o
                0x08001874                storage_shutdown
 .text.CMU_ClockEnable
                0x08001884       0x34 ./simplicity_sdk_2025.6.2/platform/emlib/src/em_cmu.o
                0x08001884                CMU_ClockEnable
 .text.mscStatusWait
                0x080018b8       0x54 ./simplicity_sdk_2025.6.2/platform/emlib/src/em_msc.o
                0x080018b8                mscStatusWait
 .text.writeBurst
                0x0800190c       0x54 ./simplicity_sdk_2025.6.2/platform/emlib/src/em_msc.o
                0x0800190c                writeBurst
 .text.MSC_ErasePage
                0x08001960       0x50 ./simplicity_sdk_2025.6.2/platform/emlib/src/em_msc.o
                0x08001960                MSC_ErasePage
 .text.MSC_WriteWord
                0x080019b0       0x78 ./simplicity_sdk_2025.6.2/platform/emlib/src/em_msc.o
                0x080019b0                MSC_WriteWord
 .text.MSC_WriteWordDma
                0x08001a28       0xe4 ./simplicity_sdk_2025.6.2/platform/emlib/src/em_msc.o
                0x08001a28                MSC_WriteWordDma
 .text.sl_se_read_pubkey
                0x08001b0c       0x70 ./simplicity_sdk_2025.6.2/platform/security/sl_component/se_manager/src/sl_se_manager_util.o
                0x08001b0c                sl_se_read_pubkey
 .text.mbedtls_aes_crypt_ecb
                0x08001b7c       0xc8 ./simplicity_sdk_2025.6.2/platform/security/sl_component/sl_mbedtls_support/src/se_aes.o
                0x08001b7c                mbedtls_aes_crypt_ecb
 .text.mbedtls_aes_crypt_ctr
                0x08001c44      0x180 ./simplicity_sdk_2025.6.2/platform/security/sl_component/sl_mbedtls_support/src/se_aes.o
                0x08001c44                mbedtls_aes_crypt_ctr
 .text.Default_Handler
                0x08001dc4        0x2 ./simplicity_sdk_2025.6.2/platform/Device/SiliconLabs/EFR32ZG28/Source/startup_efr32zg28.o
                0x08001dc4                ULFRCO_IRQHandler
                0x08001dc4                AHB2AHB1_IRQHandler
                0x08001dc4                SW2_IRQHandler
                0x08001dc4                TIMER2_IRQHandler
                0x08001dc4                DebugMon_Handler
                0x08001dc4                USART0_TX_IRQHandler
                0x08001dc4                IADC_IRQHandler
                0x08001dc4                EUSART0_TX_IRQHandler
                0x08001dc4                I2C0_IRQHandler
                0x08001dc4                LFXO_IRQHandler
                0x08001dc4                SMU_SECURE_IRQHandler
                0x08001dc4                SysTick_Handler
                0x08001dc4                SYSRTC_SEQ_IRQHandler
                0x08001dc4                EMUEFP_IRQHandler
                0x08001dc4                EUSART2_TX_IRQHandler
                0x08001dc4                PendSV_Handler
                0x08001dc4                NMI_Handler
                0x08001dc4                SYNTH_IRQHandler
                0x08001dc4                HOSTMAILBOX_IRQHandler
                0x08001dc4                HFXO0_IRQHandler
                0x08001dc4                I2C1_IRQHandler
                0x08001dc4                WDOG0_IRQHandler
                0x08001dc4                TIMER3_IRQHandler
                0x08001dc4                SYSCFG_IRQHandler
                0x08001dc4                RFECA1_IRQHandler
                0x08001dc4                EMUDG_IRQHandler
                0x08001dc4                MSC_IRQHandler
                0x08001dc4                DPLL0_IRQHandler
                0x08001dc4                UsageFault_Handler
                0x08001dc4                WDOG1_IRQHandler
                0x08001dc4                M33CTI1_IRQHandler
                0x08001dc4                TIMER4_IRQHandler
                0x08001dc4                GPIO_EVEN_IRQHandler
                0x08001dc4                VDAC0_IRQHandler
                0x08001dc4                LDMA_IRQHandler
                0x08001dc4                SEMBTX_IRQHandler
                0x08001dc4                SW0_IRQHandler
                0x08001dc4                TIMER0_IRQHandler
                0x08001dc4                LCD_IRQHandler
                0x08001dc4                MVP_IRQHandler
                0x08001dc4                LETIMER0_IRQHandler
                0x08001dc4                EUSART1_RX_IRQHandler
                0x08001dc4                TIMER1_IRQHandler
                0x08001dc4                HFRCO0_IRQHandler
                0x08001dc4                SecureFault_Handler
                0x08001dc4                BUFC_IRQHandler
                0x08001dc4                DCDC_IRQHandler
                0x08001dc4                MODEM_IRQHandler
                0x08001dc4                Default_Handler
                0x08001dc4                RAC_SEQ_IRQHandler
                0x08001dc4                FRC_PRI_IRQHandler
                0x08001dc4                EMU_IRQHandler
                0x08001dc4                SW3_IRQHandler
                0x08001dc4                KERNEL0_IRQHandler
                0x08001dc4                FRC_IRQHandler
                0x08001dc4                PCNT0_IRQHandler
                0x08001dc4                KERNEL1_IRQHandler
                0x08001dc4                AGC_IRQHandler
                0x08001dc4                EUSART1_TX_IRQHandler
                0x08001dc4                KEYSCAN_IRQHandler
                0x08001dc4                HFRCOEM23_IRQHandler
                0x08001dc4                BURTC_IRQHandler
                0x08001dc4                SEMBRX_IRQHandler
                0x08001dc4                RFECA0_IRQHandler
                0x08001dc4                LFRCO_IRQHandler
                0x08001dc4                ACMP0_IRQHandler
                0x08001dc4                USART0_RX_IRQHandler
                0x08001dc4                MemManage_Handler
                0x08001dc4                AHB2AHB0_IRQHandler
                0x08001dc4                SVC_Handler
                0x08001dc4                EUSART2_RX_IRQHandler
                0x08001dc4                SMU_S_PRIVILEGED_IRQHandler
                0x08001dc4                SW1_IRQHandler
                0x08001dc4                CMU_IRQHandler
                0x08001dc4                EUSART0_RX_IRQHandler
                0x08001dc4                RAC_RSM_IRQHandler
                0x08001dc4                SETAMPERHOST_IRQHandler
                0x08001dc4                GPIO_ODD_IRQHandler
                0x08001dc4                LESENSE_IRQHandler
                0x08001dc4                AES_IRQHandler
                0x08001dc4                M33CTI0_IRQHandler
                0x08001dc4                ICACHE0_IRQHandler
                0x08001dc4                SMU_NS_PRIVILEGED_IRQHandler
                0x08001dc4                FPUEXH_IRQHandler
                0x08001dc4                PROTIMER_IRQHandler
                0x08001dc4                ACMP1_IRQHandler
                0x08001dc4                BusFault_Handler
                0x08001dc4                MPAHBRAM_IRQHandler
                0x08001dc4                SYSRTC_APP_IRQHandler
 .text.flashData
                0x08001dc6       0x44 ./simplicity_sdk_2025.6.2/platform/bootloader/core/btl_bootload.o
 .text.bootload_checkApplicationPropertiesVersion
                0x08001e0a        0xe ./simplicity_sdk_2025.6.2/platform/bootloader/core/btl_bootload.o
                0x08001e0a                bootload_checkApplicationPropertiesVersion
 .text.getSignatureX
                0x08001e18       0x26 ./simplicity_sdk_2025.6.2/platform/bootloader/core/btl_bootload.o
 .text.bootload_checkSeUpgradeVersion
                0x08001e3e       0x20 ./simplicity_sdk_2025.6.2/platform/bootloader/core/btl_bootload.o
                0x08001e3e                bootload_checkSeUpgradeVersion
 .text.btl_init
                0x08001e5e        0x4 ./simplicity_sdk_2025.6.2/platform/bootloader/core/btl_core.o
                0x08001e5e                btl_init
 .text.btl_deinit
                0x08001e62        0x4 ./simplicity_sdk_2025.6.2/platform/bootloader/core/btl_core.o
                0x08001e62                btl_deinit
 .text.bootToApp
                0x08001e66       0x14 ./simplicity_sdk_2025.6.2/platform/bootloader/core/btl_main.o
 .text.HardFault_Handler
                0x08001e7a        0x8 ./simplicity_sdk_2025.6.2/platform/bootloader/core/btl_main.o
                0x08001e7a                HardFault_Handler
 .text.startup.main
                0x08001e82       0x7a ./simplicity_sdk_2025.6.2/platform/bootloader/core/btl_main.o
                0x08001e82                main
 .text.core_initParser
                0x08001efc       0x30 ./simplicity_sdk_2025.6.2/platform/bootloader/core/btl_parse.o
                0x08001efc                core_initParser
 .text.core_parseBuffer
                0x08001f2c       0x30 ./simplicity_sdk_2025.6.2/platform/bootloader/core/btl_parse.o
                0x08001f2c                core_parseBuffer
 .text.core_parseImageInfo
                0x08001f5c       0x76 ./simplicity_sdk_2025.6.2/platform/bootloader/core/btl_parse.o
                0x08001f5c                core_parseImageInfo
 .text.core_parserContextSize
                0x08001fd2        0x6 ./simplicity_sdk_2025.6.2/platform/bootloader/core/btl_parse.o
                0x08001fd2                core_parserContextSize
 .text.gbl_storeData
                0x08001fd8       0x42 ./simplicity_sdk_2025.6.2/platform/bootloader/parser/gbl/btl_gbl_parser.o
 .text.gbl_getData
                0x0800201a      0x102 ./simplicity_sdk_2025.6.2/platform/bootloader/parser/gbl/btl_gbl_parser.o
 .text.btl_processAesCtrData
                0x0800211c       0x22 ./simplicity_sdk_2025.6.2/platform/bootloader/security/btl_security_aes.o
                0x0800211c                btl_processAesCtrData
 .text.btl_updateSha256
                0x0800213e        0x4 ./simplicity_sdk_2025.6.2/platform/bootloader/security/btl_security_sha256.o
                0x0800213e                btl_updateSha256
 .text.btl_finalizeSha256
                0x08002142        0x6 ./simplicity_sdk_2025.6.2/platform/bootloader/security/btl_security_sha256.o
                0x08002142                btl_finalizeSha256
 .text.btl_sha256_init
                0x08002148        0x8 ./simplicity_sdk_2025.6.2/platform/bootloader/security/sha/btl_sha256.o
                0x08002148                btl_sha256_init
 .text.btl_sha256_starts_ret
                0x08002150        0xa ./simplicity_sdk_2025.6.2/platform/bootloader/security/sha/btl_sha256.o
                0x08002150                btl_sha256_starts_ret
 .text.btl_sha256_update_ret
                0x0800215a       0x1a ./simplicity_sdk_2025.6.2/platform/bootloader/security/sha/btl_sha256.o
                0x0800215a                btl_sha256_update_ret
 .text.btl_sha256_finish_ret
                0x08002174        0xe ./simplicity_sdk_2025.6.2/platform/bootloader/security/sha/btl_sha256.o
                0x08002174                btl_sha256_finish_ret
 .text.storage_getBootloadList
                0x08002182       0x20 ./simplicity_sdk_2025.6.2/platform/bootloader/storage/bootloadinfo/btl_storage_bootloadinfo_single.o
                0x08002182                storage_getBootloadList
 .text.storage_setBootloadList
                0x080021a2       0x10 ./simplicity_sdk_2025.6.2/platform/bootloader/storage/bootloadinfo/btl_storage_bootloadinfo_single.o
                0x080021a2                storage_setBootloadList
 .text.storage_appendBootloadList
                0x080021b2        0x6 ./simplicity_sdk_2025.6.2/platform/bootloader/storage/bootloadinfo/btl_storage_bootloadinfo_single.o
                0x080021b2                storage_appendBootloadList
 .text.storage_main
                0x080021b8        0x4 ./simplicity_sdk_2025.6.2/platform/bootloader/storage/btl_storage.o
                0x080021b8                storage_main
 .text.dummyCallback
                0x080021bc        0x6 ./simplicity_sdk_2025.6.2/platform/bootloader/storage/btl_storage_library.o
 .text.storage_verifySlot
                0x080021c2       0x52 ./simplicity_sdk_2025.6.2/platform/bootloader/storage/btl_storage_library.o
                0x080021c2                storage_verifySlot
 .text.storage_initParseSlot
                0x08002214       0x28 ./simplicity_sdk_2025.6.2/platform/bootloader/storage/btl_storage_library.o
                0x08002214                storage_initParseSlot
 .text.bootloadFromSlot.constprop.0
                0x0800223c       0x36 ./simplicity_sdk_2025.6.2/platform/bootloader/storage/btl_storage_library.o
 .text.verifyAddressRange
                0x08002272       0x22 ./simplicity_sdk_2025.6.2/platform/bootloader/storage/internal_flash/btl_storage_internal_flash.o
 .text.storage_readRaw
                0x08002294       0x20 ./simplicity_sdk_2025.6.2/platform/bootloader/storage/internal_flash/btl_storage_internal_flash.o
                0x08002294                storage_readRaw
 .text.storage_writeRaw
                0x080022b4       0x4a ./simplicity_sdk_2025.6.2/platform/bootloader/storage/internal_flash/btl_storage_internal_flash.o
                0x080022b4                storage_writeRaw
 .text.storage_getDMAchannel
                0x080022fe        0x4 ./simplicity_sdk_2025.6.2/platform/bootloader/storage/internal_flash/btl_storage_internal_flash.o
                0x080022fe                storage_getDMAchannel
 .text.storage_eraseRaw
                0x08002302       0x40 ./simplicity_sdk_2025.6.2/platform/bootloader/storage/internal_flash/btl_storage_internal_flash.o
                0x08002302                storage_eraseRaw
 .text.sli_se_mailbox_command_add_input
                0x08002342       0x14 ./simplicity_sdk_2025.6.2/platform/security/sl_component/se_manager/src/sli_se_manager_mailbox.o
                0x08002342                sli_se_mailbox_command_add_input
 .text.mbedtls_aes_init
                0x08002356        0x8 ./simplicity_sdk_2025.6.2/platform/security/sl_component/sl_mbedtls_support/src/se_aes.o
                0x08002356                mbedtls_aes_init
 .text.mbedtls_aes_setkey_enc
                0x0800235e       0x36 ./simplicity_sdk_2025.6.2/platform/security/sl_component/sl_mbedtls_support/src/se_aes.o
                0x0800235e                mbedtls_aes_setkey_enc
 .text.memcmp   0x08002394       0x20 d:/siliconlabs/simplicitystudio/v5/developer/toolchains/gnu_arm/12.2.rel1_2023.7/bin/../lib/gcc/arm-none-eabi/12.2.1/thumb/v8-m.main+fp/hard\libc_nano.a(libc_a-memcmp.o)
                0x08002394                memcmp
 .text.memset   0x080023b4       0x10 d:/siliconlabs/simplicitystudio/v5/developer/toolchains/gnu_arm/12.2.rel1_2023.7/bin/../lib/gcc/arm-none-eabi/12.2.1/thumb/v8-m.main+fp/hard\libc_nano.a(libc_a-memset.o)
                0x080023b4                memset
 .text.memcpy   0x080023c4       0x1a d:/siliconlabs/simplicitystudio/v5/developer/toolchains/gnu_arm/12.2.rel1_2023.7/bin/../lib/gcc/arm-none-eabi/12.2.1/thumb/v8-m.main+fp/hard\libc_nano.a(libc_a-memcpy-stub.o)
                0x080023c4                memcpy
 *(SORT_BY_ALIGNMENT(text_*))
 *fill*         0x080023de        0x2 
 text_se_manager_timecritical18160
                0x080023e0       0x14 ./simplicity_sdk_2025.6.2/platform/security/sl_component/se_manager/src/sl_se_manager.o
                0x080023e0                sli_se_lock_acquire
 text_se_manager_timecritical19171
                0x080023f4       0x10 ./simplicity_sdk_2025.6.2/platform/security/sl_component/se_manager/src/sl_se_manager.o
                0x080023f4                sli_se_lock_release
 text_se_manager_timecritical20184
                0x08002404       0x44 ./simplicity_sdk_2025.6.2/platform/security/sl_component/se_manager/src/sl_se_manager.o
                0x08002404                sli_se_execute_and_wait
 text_se_manager_timecritical15522
                0x08002448       0x12 ./simplicity_sdk_2025.6.2/platform/bootloader/core/btl_bootload.o
 text_se_manager_timecritical17149
                0x0800245a       0x5c ./simplicity_sdk_2025.6.2/platform/security/sl_component/se_manager/src/sl_se_manager.o
                0x0800245a                sli_se_to_sl_status
 text_se_manager_timecritical13483
                0x080024b6       0x12 ./simplicity_sdk_2025.6.2/platform/security/sl_component/se_manager/src/sli_se_manager_mailbox.o
                0x080024b6                sli_se_mailbox_command_add_parameter
 text_se_manager_timecritical14500
                0x080024c8       0x3a ./simplicity_sdk_2025.6.2/platform/security/sl_component/se_manager/src/sli_se_manager_mailbox.o
                0x080024c8                sli_se_mailbox_execute_command
 text_se_manager_timecritical18224
                0x08002502       0x14 ./simplicity_sdk_2025.6.2/platform/security/sl_component/se_manager/src/sli_se_manager_mailbox.o
                0x08002502                sli_se_mailbox_command_add_output
                0x08002520                . = ALIGN (0x20)
 *fill*         0x08002516        0xa 
                0x08002520                linker_code_end = .
 *(.init)
 .init          0x08002520        0x4 d:/siliconlabs/simplicitystudio/v5/developer/toolchains/gnu_arm/12.2.rel1_2023.7/bin/../lib/gcc/arm-none-eabi/12.2.1/thumb/v8-m.main+fp/hard/crti.o
                0x08002520                _init
 .init          0x08002524        0x8 d:/siliconlabs/simplicitystudio/v5/developer/toolchains/gnu_arm/12.2.rel1_2023.7/bin/../lib/gcc/arm-none-eabi/12.2.1/thumb/v8-m.main+fp/hard/crtn.o
 *(.fini)
 .fini          0x0800252c        0x4 d:/siliconlabs/simplicitystudio/v5/developer/toolchains/gnu_arm/12.2.rel1_2023.7/bin/../lib/gcc/arm-none-eabi/12.2.1/thumb/v8-m.main+fp/hard/crti.o
                0x0800252c                _fini
 .fini          0x08002530        0x8 d:/siliconlabs/simplicitystudio/v5/developer/toolchains/gnu_arm/12.2.rel1_2023.7/bin/../lib/gcc/arm-none-eabi/12.2.1/thumb/v8-m.main+fp/hard/crtn.o
 *crtbegin.o(.ctors)
 *crtbegin?.o(.ctors)
 *(EXCLUDE_FILE(*crtend.o *crtend?.o) .ctors)
 *(SORT_BY_NAME(.ctors.*))
 *(.ctors)
 *crtbegin.o(.dtors)
 *crtbegin?.o(.dtors)
 *(EXCLUDE_FILE(*crtend.o *crtend?.o) .dtors)
 *(SORT_BY_NAME(.dtors.*))
 *(.dtors)
 *(.rodata*)
 .rodata.bootload_checkApplicationPropertiesMagic.str1.1
                0x08002538       0x11 ./simplicity_sdk_2025.6.2/platform/bootloader/core/btl_bootload.o
 *fill*         0x08002549        0x3 
 .rodata.sl_app_properties
                0x0800254c       0x50 ./simplicity_sdk_2025.6.2/platform/bootloader/core/btl_main.o
                0x0800254c                sl_app_properties
 .rodata.mainStageTable
                0x0800259c       0x48 ./simplicity_sdk_2025.6.2/platform/bootloader/core/btl_main.o
                0x0800259c                mainStageTable
 .rodata.gblTagParsingInfoStructs
                0x080025e4       0x90 ./simplicity_sdk_2025.6.2/platform/bootloader/parser/gbl/btl_gbl_format.o
                0x080025e4                gblTagParsingInfoStructs
 .rodata.shax_padding
                0x08002674       0x40 ./simplicity_sdk_2025.6.2/platform/bootloader/security/sha/btl_sha256.o
 .rodata.init_state_sha256
                0x080026b4       0x20 ./simplicity_sdk_2025.6.2/platform/bootloader/security/sha/btl_sha256.o
 .rodata.storageFunctions
                0x080026d4       0x44 ./simplicity_sdk_2025.6.2/platform/bootloader/storage/btl_storage_library.o
                0x080026d4                storageFunctions
 .rodata.deviceInfo
                0x08002718       0x20 ./simplicity_sdk_2025.6.2/platform/bootloader/storage/internal_flash/btl_storage_internal_flash.o
 .rodata.storageLayout
                0x08002738       0x10 ./simplicity_sdk_2025.6.2/platform/bootloader/storage/internal_flash/btl_storage_internal_flash.o
                0x08002738                storageLayout
 *(.eh_frame*)
 .eh_frame      0x08002748        0x0 d:/siliconlabs/simplicitystudio/v5/developer/toolchains/gnu_arm/12.2.rel1_2023.7/bin/../lib/gcc/arm-none-eabi/12.2.1/thumb/v8-m.main+fp/hard/crtbegin.o

.glue_7         0x08002748        0x0
 .glue_7        0x08002748        0x0 linker stubs

.glue_7t        0x08002748        0x0
 .glue_7t       0x08002748        0x0 linker stubs

.vfp11_veneer   0x08002748        0x0
 .vfp11_veneer  0x08002748        0x0 linker stubs

.v4_bx          0x08002748        0x0
 .v4_bx         0x08002748        0x0 linker stubs

.iplt           0x08002748        0x0
 .iplt          0x08002748        0x0 d:/siliconlabs/simplicitystudio/v5/developer/toolchains/gnu_arm/12.2.rel1_2023.7/bin/../lib/gcc/arm-none-eabi/12.2.1/thumb/v8-m.main+fp/hard/crtbegin.o

.gnu.sgstubs    0x08002760        0x0
                0x08002760                . = ALIGN (0x20)
                0x08002760                linker_sg_begin = .
 *(.gnu.sgstubs*)
                0x08002760                . = ALIGN (0x20)
                0x08002760                linker_sg_end = (linker_sg_begin + SIZEOF (.gnu.sgstubs))

.ARM.extab
 *(.ARM.extab* .gnu.linkonce.armextab.*)
                0x08002760                __exidx_start = .

.ARM.exidx
 *(.ARM.exidx* .gnu.linkonce.armexidx.*)
                0x08002760                __exidx_end = .

.copy.table     0x08002748        0xc
                0x08002748                . = ALIGN (0x4)
                0x08002748                __copy_table_start__ = .
                0x08002748        0x4 LONG 0x8002754 __etext
                0x0800274c        0x4 LONG 0x2000102c __data_start__
                0x08002750        0x4 LONG 0x2 ((__data_end__ - __data_start__) / 0x4)
                0x08002754                __copy_table_end__ = .

.rel.dyn        0x08002754        0x0
 .rel.iplt      0x08002754        0x0 d:/siliconlabs/simplicitystudio/v5/developer/toolchains/gnu_arm/12.2.rel1_2023.7/bin/../lib/gcc/arm-none-eabi/12.2.1/thumb/v8-m.main+fp/hard/crtbegin.o

.zero.table     0x08002754        0x0
                0x08002754                . = ALIGN (0x4)
                0x08002754                __zero_table_start__ = .
                0x08002754                __zero_table_end__ = .
                0x08002754                __etext = .

.data           0x2000102c        0x8 load address 0x08002754
                0x2000102c                . = ALIGN (0x4)
                0x2000102c                __data_start__ = .
 *(vtable)
 *(SORT_BY_ALIGNMENT(.data*))
                0x2000102c                . = ALIGN (0x4)
                0x2000102c                . = ALIGN (0x4)
                0x2000102c                PROVIDE (__preinit_array_start = .)
 *(.preinit_array)
                0x2000102c                PROVIDE (__preinit_array_end = .)
                0x2000102c                . = ALIGN (0x4)
                0x2000102c                PROVIDE (__init_array_start = .)
 *(SORT_BY_NAME(.init_array.*))
 *(.init_array)
 .init_array    0x2000102c        0x4 d:/siliconlabs/simplicitystudio/v5/developer/toolchains/gnu_arm/12.2.rel1_2023.7/bin/../lib/gcc/arm-none-eabi/12.2.1/thumb/v8-m.main+fp/hard/crtbegin.o
                0x20001030                PROVIDE (__init_array_end = .)
                0x20001030                . = ALIGN (0x4)
                [!provide]                PROVIDE (__fini_array_start = .)
 *(SORT_BY_NAME(.fini_array.*))
 *(.fini_array)
 .fini_array    0x20001030        0x4 d:/siliconlabs/simplicitystudio/v5/developer/toolchains/gnu_arm/12.2.rel1_2023.7/bin/../lib/gcc/arm-none-eabi/12.2.1/thumb/v8-m.main+fp/hard/crtbegin.o
                [!provide]                PROVIDE (__fini_array_end = .)
                0x20001034                . = ALIGN (0x4)
                0x20001034                __data_end__ = .
                0x20040000                heap_limit = (ORIGIN (RAM) + LENGTH (RAM))
                0x0003efc8                heap_size = (heap_limit - __HeapBase)

.tm_clone_table
                0x20001034        0x0 load address 0x0800275c
 .tm_clone_table
                0x20001034        0x0 d:/siliconlabs/simplicitystudio/v5/developer/toolchains/gnu_arm/12.2.rel1_2023.7/bin/../lib/gcc/arm-none-eabi/12.2.1/thumb/v8-m.main+fp/hard/crtbegin.o
 .tm_clone_table
                0x20001034        0x0 d:/siliconlabs/simplicitystudio/v5/developer/toolchains/gnu_arm/12.2.rel1_2023.7/bin/../lib/gcc/arm-none-eabi/12.2.1/thumb/v8-m.main+fp/hard/crtend.o

.igot.plt       0x20001034        0x0 load address 0x0800275c
 .igot.plt      0x20001034        0x0 d:/siliconlabs/simplicitystudio/v5/developer/toolchains/gnu_arm/12.2.rel1_2023.7/bin/../lib/gcc/arm-none-eabi/12.2.1/thumb/v8-m.main+fp/hard/crtbegin.o

.memory_manager_heap
                0x20001034    0x3efcc load address 0x0800275c
                0x20001038                . = ALIGN (0x8)
 *fill*         0x20001034        0x4 
                0x20001038                __HeapBase = .
                0x20040000                . = (. + heap_size)
 *fill*         0x20001038    0x3efc8 
                0x20040000                __end__ = .
                0x20040000                _end = __end__
 *(.memory_manager_heap*)
                0x20040000                __HeapLimit = (ORIGIN (RAM) + LENGTH (RAM))
                0x0003efc8                __heap_size = (__HeapLimit - __HeapBase)
                0x20040000                __ram_end__ = 0x20040000
                0x080fe000                __main_flash_end__ = 0x80fe000

.internal_storage
 *(.internal_storage*)

.nvm
 *(.simee*)
                0x2000102c                __ramfuncs_start__ = __vma_ramfuncs_start__
                0x2000102c                __ramfuncs_end__ = __vma_ramfuncs_end__
                0x080fe000                linker_nvm_end = __main_flash_end__
                0x080fe000                linker_nvm_begin = (linker_nvm_end - SIZEOF (.nvm))
                0x080fe000                linker_storage_end = __main_flash_end__
                0x080fe000                linker_storage_begin = (linker_storage_end - SIZEOF (.internal_storage))
                0x0800275c                __rom_end__ = (__etext + SIZEOF (.data))
                0x00000020                _app_rollback_protection_size = 0x20
                0x00000001                ASSERT (((((ORIGIN (FLASH) + LENGTH (FLASH)) - 0x40) - _app_rollback_protection_size) >= (__etext + SIZEOF (.data))), FLASH memory overflowed !)
OUTPUT(bootloader-storage-internal-single.axf elf32-littlearm)
LOAD linker stubs

.ARM.attributes
                0x00000000       0x36
 .ARM.attributes
                0x00000000       0x26 d:/siliconlabs/simplicitystudio/v5/developer/toolchains/gnu_arm/12.2.rel1_2023.7/bin/../lib/gcc/arm-none-eabi/12.2.1/thumb/v8-m.main+fp/hard/crti.o
 .ARM.attributes
                0x00000026       0x38 d:/siliconlabs/simplicitystudio/v5/developer/toolchains/gnu_arm/12.2.rel1_2023.7/bin/../lib/gcc/arm-none-eabi/12.2.1/thumb/v8-m.main+fp/hard/crtbegin.o
 .ARM.attributes
                0x0000005e       0x3a ./simplicity_sdk_2025.6.2/platform/Device/SiliconLabs/EFR32ZG28/Source/startup_efr32zg28.o
 .ARM.attributes
                0x00000098       0x3a ./simplicity_sdk_2025.6.2/platform/Device/SiliconLabs/EFR32ZG28/Source/system_efr32zg28.o
 .ARM.attributes
                0x000000d2       0x3a ./simplicity_sdk_2025.6.2/platform/bootloader/core/btl_bootload.o
 .ARM.attributes
                0x0000010c       0x3a ./simplicity_sdk_2025.6.2/platform/bootloader/core/btl_core.o
 .ARM.attributes
                0x00000146       0x3a ./simplicity_sdk_2025.6.2/platform/bootloader/core/btl_main.o
 .ARM.attributes
                0x00000180       0x3a ./simplicity_sdk_2025.6.2/platform/bootloader/core/btl_parse.o
 .ARM.attributes
                0x000001ba       0x3a ./simplicity_sdk_2025.6.2/platform/bootloader/core/btl_reset.o
 .ARM.attributes
                0x000001f4       0x3a ./simplicity_sdk_2025.6.2/platform/bootloader/core/flash/btl_internal_flash.o
 .ARM.attributes
                0x0000022e       0x3a ./simplicity_sdk_2025.6.2/platform/bootloader/parser/gbl/btl_gbl_format.o
 .ARM.attributes
                0x00000268       0x3a ./simplicity_sdk_2025.6.2/platform/bootloader/parser/gbl/btl_gbl_parser.o
 .ARM.attributes
                0x000002a2       0x3a ./simplicity_sdk_2025.6.2/platform/bootloader/security/btl_crc32.o
 .ARM.attributes
                0x000002dc       0x3a ./simplicity_sdk_2025.6.2/platform/bootloader/security/btl_security_aes.o
 .ARM.attributes
                0x00000316       0x3a ./simplicity_sdk_2025.6.2/platform/bootloader/security/btl_security_ecdsa.o
 .ARM.attributes
                0x00000350       0x3a ./simplicity_sdk_2025.6.2/platform/bootloader/security/btl_security_sha256.o
 .ARM.attributes
                0x0000038a       0x3a ./simplicity_sdk_2025.6.2/platform/bootloader/security/btl_security_tokens.o
 .ARM.attributes
                0x000003c4       0x3a ./simplicity_sdk_2025.6.2/platform/bootloader/security/sha/btl_sha256.o
 .ARM.attributes
                0x000003fe       0x3a ./simplicity_sdk_2025.6.2/platform/bootloader/security/sha/se_sha.o
 .ARM.attributes
                0x00000438       0x3a ./simplicity_sdk_2025.6.2/platform/bootloader/storage/bootloadinfo/btl_storage_bootloadinfo_single.o
 .ARM.attributes
                0x00000472       0x3a ./simplicity_sdk_2025.6.2/platform/bootloader/storage/btl_storage.o
 .ARM.attributes
                0x000004ac       0x3a ./simplicity_sdk_2025.6.2/platform/bootloader/storage/btl_storage_library.o
 .ARM.attributes
                0x000004e6       0x3a ./simplicity_sdk_2025.6.2/platform/bootloader/storage/internal_flash/btl_storage_internal_flash.o
 .ARM.attributes
                0x00000520       0x3a ./simplicity_sdk_2025.6.2/platform/emlib/src/em_cmu.o
 .ARM.attributes
                0x0000055a       0x3a ./simplicity_sdk_2025.6.2/platform/emlib/src/em_msc.o
 .ARM.attributes
                0x00000594       0x3a ./simplicity_sdk_2025.6.2/platform/security/sl_component/se_manager/src/sl_se_manager.o
 .ARM.attributes
                0x000005ce       0x3a ./simplicity_sdk_2025.6.2/platform/security/sl_component/se_manager/src/sl_se_manager_util.o
 .ARM.attributes
                0x00000608       0x3a ./simplicity_sdk_2025.6.2/platform/security/sl_component/se_manager/src/sli_se_manager_mailbox.o
 .ARM.attributes
                0x00000642       0x3a ./simplicity_sdk_2025.6.2/platform/security/sl_component/sl_mbedtls_support/src/se_aes.o
 .ARM.attributes
                0x0000067c       0x3a ./simplicity_sdk_2025.6.2/platform/service/memory_manager/src/sl_memory_manager_region.o
 .ARM.attributes
                0x000006b6       0x38 d:/siliconlabs/simplicitystudio/v5/developer/toolchains/gnu_arm/12.2.rel1_2023.7/bin/../lib/gcc/arm-none-eabi/12.2.1/thumb/v8-m.main+fp/hard\libc_nano.a(libc_a-memcmp.o)
 .ARM.attributes
                0x000006ee       0x38 d:/siliconlabs/simplicitystudio/v5/developer/toolchains/gnu_arm/12.2.rel1_2023.7/bin/../lib/gcc/arm-none-eabi/12.2.1/thumb/v8-m.main+fp/hard\libc_nano.a(libc_a-memset.o)
 .ARM.attributes
                0x00000726       0x38 d:/siliconlabs/simplicitystudio/v5/developer/toolchains/gnu_arm/12.2.rel1_2023.7/bin/../lib/gcc/arm-none-eabi/12.2.1/thumb/v8-m.main+fp/hard\libc_nano.a(libc_a-memcpy-stub.o)
 .ARM.attributes
                0x0000075e       0x38 d:/siliconlabs/simplicitystudio/v5/developer/toolchains/gnu_arm/12.2.rel1_2023.7/bin/../lib/gcc/arm-none-eabi/12.2.1/thumb/v8-m.main+fp/hard/crtend.o
 .ARM.attributes
                0x00000796       0x26 d:/siliconlabs/simplicitystudio/v5/developer/toolchains/gnu_arm/12.2.rel1_2023.7/bin/../lib/gcc/arm-none-eabi/12.2.1/thumb/v8-m.main+fp/hard/crtn.o

.comment        0x00000000       0x45
 .comment       0x00000000       0x45 ./simplicity_sdk_2025.6.2/platform/Device/SiliconLabs/EFR32ZG28/Source/startup_efr32zg28.o
                                 0x46 (size before relaxing)
 .comment       0x00000045       0x46 ./simplicity_sdk_2025.6.2/platform/Device/SiliconLabs/EFR32ZG28/Source/system_efr32zg28.o
 .comment       0x00000045       0x46 ./simplicity_sdk_2025.6.2/platform/bootloader/core/btl_bootload.o
 .comment       0x00000045       0x46 ./simplicity_sdk_2025.6.2/platform/bootloader/core/btl_core.o
 .comment       0x00000045       0x46 ./simplicity_sdk_2025.6.2/platform/bootloader/core/btl_main.o
 .comment       0x00000045       0x46 ./simplicity_sdk_2025.6.2/platform/bootloader/core/btl_parse.o
 .comment       0x00000045       0x46 ./simplicity_sdk_2025.6.2/platform/bootloader/core/btl_reset.o
 .comment       0x00000045       0x46 ./simplicity_sdk_2025.6.2/platform/bootloader/core/flash/btl_internal_flash.o
 .comment       0x00000045       0x46 ./simplicity_sdk_2025.6.2/platform/bootloader/parser/gbl/btl_gbl_format.o
 .comment       0x00000045       0x46 ./simplicity_sdk_2025.6.2/platform/bootloader/parser/gbl/btl_gbl_parser.o
 .comment       0x00000045       0x46 ./simplicity_sdk_2025.6.2/platform/bootloader/security/btl_crc32.o
 .comment       0x00000045       0x46 ./simplicity_sdk_2025.6.2/platform/bootloader/security/btl_security_aes.o
 .comment       0x00000045       0x46 ./simplicity_sdk_2025.6.2/platform/bootloader/security/btl_security_ecdsa.o
 .comment       0x00000045       0x46 ./simplicity_sdk_2025.6.2/platform/bootloader/security/btl_security_sha256.o
 .comment       0x00000045       0x46 ./simplicity_sdk_2025.6.2/platform/bootloader/security/btl_security_tokens.o
 .comment       0x00000045       0x46 ./simplicity_sdk_2025.6.2/platform/bootloader/security/sha/btl_sha256.o
 .comment       0x00000045       0x46 ./simplicity_sdk_2025.6.2/platform/bootloader/security/sha/se_sha.o
 .comment       0x00000045       0x46 ./simplicity_sdk_2025.6.2/platform/bootloader/storage/bootloadinfo/btl_storage_bootloadinfo_single.o
 .comment       0x00000045       0x46 ./simplicity_sdk_2025.6.2/platform/bootloader/storage/btl_storage.o
 .comment       0x00000045       0x46 ./simplicity_sdk_2025.6.2/platform/bootloader/storage/btl_storage_library.o
 .comment       0x00000045       0x46 ./simplicity_sdk_2025.6.2/platform/bootloader/storage/internal_flash/btl_storage_internal_flash.o
 .comment       0x00000045       0x46 ./simplicity_sdk_2025.6.2/platform/emlib/src/em_cmu.o
 .comment       0x00000045       0x46 ./simplicity_sdk_2025.6.2/platform/emlib/src/em_msc.o
 .comment       0x00000045       0x46 ./simplicity_sdk_2025.6.2/platform/security/sl_component/se_manager/src/sl_se_manager.o
 .comment       0x00000045       0x46 ./simplicity_sdk_2025.6.2/platform/security/sl_component/se_manager/src/sl_se_manager_util.o
 .comment       0x00000045       0x46 ./simplicity_sdk_2025.6.2/platform/security/sl_component/se_manager/src/sli_se_manager_mailbox.o
 .comment       0x00000045       0x46 ./simplicity_sdk_2025.6.2/platform/security/sl_component/sl_mbedtls_support/src/se_aes.o
 .comment       0x00000045       0x46 ./simplicity_sdk_2025.6.2/platform/service/memory_manager/src/sl_memory_manager_region.o

.debug_info     0x00000000    0x2debc
 .debug_info    0x00000000      0xb44 ./simplicity_sdk_2025.6.2/platform/Device/SiliconLabs/EFR32ZG28/Source/startup_efr32zg28.o
 .debug_info    0x00000b44     0x1a20 ./simplicity_sdk_2025.6.2/platform/Device/SiliconLabs/EFR32ZG28/Source/system_efr32zg28.o
 .debug_info    0x00002564     0x319b ./simplicity_sdk_2025.6.2/platform/bootloader/core/btl_bootload.o
 .debug_info    0x000056ff      0x123 ./simplicity_sdk_2025.6.2/platform/bootloader/core/btl_core.o
 .debug_info    0x00005822     0x3e42 ./simplicity_sdk_2025.6.2/platform/bootloader/core/btl_main.o
 .debug_info    0x00009664      0xbf8 ./simplicity_sdk_2025.6.2/platform/bootloader/core/btl_parse.o
 .debug_info    0x0000a25c      0x767 ./simplicity_sdk_2025.6.2/platform/bootloader/core/btl_reset.o
 .debug_info    0x0000a9c3     0x1361 ./simplicity_sdk_2025.6.2/platform/bootloader/core/flash/btl_internal_flash.o
 .debug_info    0x0000bd24      0x25e ./simplicity_sdk_2025.6.2/platform/bootloader/parser/gbl/btl_gbl_format.o
 .debug_info    0x0000bf82     0x25a4 ./simplicity_sdk_2025.6.2/platform/bootloader/parser/gbl/btl_gbl_parser.o
 .debug_info    0x0000e526     0x12c4 ./simplicity_sdk_2025.6.2/platform/bootloader/security/btl_crc32.o
 .debug_info    0x0000f7ea     0x156f ./simplicity_sdk_2025.6.2/platform/bootloader/security/btl_security_aes.o
 .debug_info    0x00010d59     0x132f ./simplicity_sdk_2025.6.2/platform/bootloader/security/btl_security_ecdsa.o
 .debug_info    0x00012088     0x1254 ./simplicity_sdk_2025.6.2/platform/bootloader/security/btl_security_sha256.o
 .debug_info    0x000132dc     0x11fa ./simplicity_sdk_2025.6.2/platform/bootloader/security/btl_security_tokens.o
 .debug_info    0x000144d6      0x8ef ./simplicity_sdk_2025.6.2/platform/bootloader/security/sha/btl_sha256.o
 .debug_info    0x00014dc5     0x12cf ./simplicity_sdk_2025.6.2/platform/bootloader/security/sha/se_sha.o
 .debug_info    0x00016094      0x1b3 ./simplicity_sdk_2025.6.2/platform/bootloader/storage/bootloadinfo/btl_storage_bootloadinfo_single.o
 .debug_info    0x00016247     0x121e ./simplicity_sdk_2025.6.2/platform/bootloader/storage/btl_storage.o
 .debug_info    0x00017465     0x1bbd ./simplicity_sdk_2025.6.2/platform/bootloader/storage/btl_storage_library.o
 .debug_info    0x00019022     0x1caf ./simplicity_sdk_2025.6.2/platform/bootloader/storage/internal_flash/btl_storage_internal_flash.o
 .debug_info    0x0001acd1     0xa18b ./simplicity_sdk_2025.6.2/platform/emlib/src/em_cmu.o
 .debug_info    0x00024e5c     0x3551 ./simplicity_sdk_2025.6.2/platform/emlib/src/em_msc.o
 .debug_info    0x000283ad     0x15b1 ./simplicity_sdk_2025.6.2/platform/security/sl_component/se_manager/src/sl_se_manager.o
 .debug_info    0x0002995e     0x347c ./simplicity_sdk_2025.6.2/platform/security/sl_component/se_manager/src/sl_se_manager_util.o
 .debug_info    0x0002cdda      0x408 ./simplicity_sdk_2025.6.2/platform/security/sl_component/se_manager/src/sli_se_manager_mailbox.o
 .debug_info    0x0002d1e2      0xb1e ./simplicity_sdk_2025.6.2/platform/security/sl_component/sl_mbedtls_support/src/se_aes.o
 .debug_info    0x0002dd00      0x1bc ./simplicity_sdk_2025.6.2/platform/service/memory_manager/src/sl_memory_manager_region.o

.debug_abbrev   0x00000000     0x49ca
 .debug_abbrev  0x00000000      0x281 ./simplicity_sdk_2025.6.2/platform/Device/SiliconLabs/EFR32ZG28/Source/startup_efr32zg28.o
 .debug_abbrev  0x00000281      0x268 ./simplicity_sdk_2025.6.2/platform/Device/SiliconLabs/EFR32ZG28/Source/system_efr32zg28.o
 .debug_abbrev  0x000004e9      0x503 ./simplicity_sdk_2025.6.2/platform/bootloader/core/btl_bootload.o
 .debug_abbrev  0x000009ec       0xa9 ./simplicity_sdk_2025.6.2/platform/bootloader/core/btl_core.o
 .debug_abbrev  0x00000a95      0x4f0 ./simplicity_sdk_2025.6.2/platform/bootloader/core/btl_main.o
 .debug_abbrev  0x00000f85      0x235 ./simplicity_sdk_2025.6.2/platform/bootloader/core/btl_parse.o
 .debug_abbrev  0x000011ba      0x210 ./simplicity_sdk_2025.6.2/platform/bootloader/core/btl_reset.o
 .debug_abbrev  0x000013ca      0x1d5 ./simplicity_sdk_2025.6.2/platform/bootloader/core/flash/btl_internal_flash.o
 .debug_abbrev  0x0000159f      0x10a ./simplicity_sdk_2025.6.2/platform/bootloader/parser/gbl/btl_gbl_format.o
 .debug_abbrev  0x000016a9      0x495 ./simplicity_sdk_2025.6.2/platform/bootloader/parser/gbl/btl_gbl_parser.o
 .debug_abbrev  0x00001b3e       0xf2 ./simplicity_sdk_2025.6.2/platform/bootloader/security/btl_crc32.o
 .debug_abbrev  0x00001c30      0x241 ./simplicity_sdk_2025.6.2/platform/bootloader/security/btl_security_aes.o
 .debug_abbrev  0x00001e71      0x1b0 ./simplicity_sdk_2025.6.2/platform/bootloader/security/btl_security_ecdsa.o
 .debug_abbrev  0x00002021      0x21b ./simplicity_sdk_2025.6.2/platform/bootloader/security/btl_security_sha256.o
 .debug_abbrev  0x0000223c      0x1bb ./simplicity_sdk_2025.6.2/platform/bootloader/security/btl_security_tokens.o
 .debug_abbrev  0x000023f7      0x29e ./simplicity_sdk_2025.6.2/platform/bootloader/security/sha/btl_sha256.o
 .debug_abbrev  0x00002695      0x1d3 ./simplicity_sdk_2025.6.2/platform/bootloader/security/sha/se_sha.o
 .debug_abbrev  0x00002868       0xe9 ./simplicity_sdk_2025.6.2/platform/bootloader/storage/bootloadinfo/btl_storage_bootloadinfo_single.o
 .debug_abbrev  0x00002951      0x2bb ./simplicity_sdk_2025.6.2/platform/bootloader/storage/btl_storage.o
 .debug_abbrev  0x00002c0c      0x4be ./simplicity_sdk_2025.6.2/platform/bootloader/storage/btl_storage_library.o
 .debug_abbrev  0x000030ca      0x2a4 ./simplicity_sdk_2025.6.2/platform/bootloader/storage/internal_flash/btl_storage_internal_flash.o
 .debug_abbrev  0x0000336e      0x594 ./simplicity_sdk_2025.6.2/platform/emlib/src/em_cmu.o
 .debug_abbrev  0x00003902      0x383 ./simplicity_sdk_2025.6.2/platform/emlib/src/em_msc.o
 .debug_abbrev  0x00003c85      0x39e ./simplicity_sdk_2025.6.2/platform/security/sl_component/se_manager/src/sl_se_manager.o
 .debug_abbrev  0x00004023      0x3a2 ./simplicity_sdk_2025.6.2/platform/security/sl_component/se_manager/src/sl_se_manager_util.o
 .debug_abbrev  0x000043c5      0x1db ./simplicity_sdk_2025.6.2/platform/security/sl_component/se_manager/src/sli_se_manager_mailbox.o
 .debug_abbrev  0x000045a0      0x326 ./simplicity_sdk_2025.6.2/platform/security/sl_component/sl_mbedtls_support/src/se_aes.o
 .debug_abbrev  0x000048c6      0x104 ./simplicity_sdk_2025.6.2/platform/service/memory_manager/src/sl_memory_manager_region.o

.debug_loc      0x00000000     0xc963
 .debug_loc     0x00000000       0x20 ./simplicity_sdk_2025.6.2/platform/Device/SiliconLabs/EFR32ZG28/Source/startup_efr32zg28.o
 .debug_loc     0x00000020      0x327 ./simplicity_sdk_2025.6.2/platform/Device/SiliconLabs/EFR32ZG28/Source/system_efr32zg28.o
 .debug_loc     0x00000347      0xd7d ./simplicity_sdk_2025.6.2/platform/bootloader/core/btl_bootload.o
 .debug_loc     0x000010c4      0x234 ./simplicity_sdk_2025.6.2/platform/bootloader/core/btl_main.o
 .debug_loc     0x000012f8      0x28f ./simplicity_sdk_2025.6.2/platform/bootloader/core/btl_parse.o
 .debug_loc     0x00001587       0xca ./simplicity_sdk_2025.6.2/platform/bootloader/core/btl_reset.o
 .debug_loc     0x00001651      0x2bd ./simplicity_sdk_2025.6.2/platform/bootloader/core/flash/btl_internal_flash.o
 .debug_loc     0x0000190e       0x65 ./simplicity_sdk_2025.6.2/platform/bootloader/parser/gbl/btl_gbl_format.o
 .debug_loc     0x00001973     0x11f6 ./simplicity_sdk_2025.6.2/platform/bootloader/parser/gbl/btl_gbl_parser.o
 .debug_loc     0x00002b69       0xba ./simplicity_sdk_2025.6.2/platform/bootloader/security/btl_crc32.o
 .debug_loc     0x00002c23      0x510 ./simplicity_sdk_2025.6.2/platform/bootloader/security/btl_security_aes.o
 .debug_loc     0x00003133      0x163 ./simplicity_sdk_2025.6.2/platform/bootloader/security/btl_security_ecdsa.o
 .debug_loc     0x00003296      0x288 ./simplicity_sdk_2025.6.2/platform/bootloader/security/btl_security_sha256.o
 .debug_loc     0x0000351e       0x9c ./simplicity_sdk_2025.6.2/platform/bootloader/security/btl_security_tokens.o
 .debug_loc     0x000035ba      0x8d0 ./simplicity_sdk_2025.6.2/platform/bootloader/security/sha/btl_sha256.o
 .debug_loc     0x00003e8a      0x102 ./simplicity_sdk_2025.6.2/platform/bootloader/security/sha/se_sha.o
 .debug_loc     0x00003f8c       0xd9 ./simplicity_sdk_2025.6.2/platform/bootloader/storage/bootloadinfo/btl_storage_bootloadinfo_single.o
 .debug_loc     0x00004065       0x8f ./simplicity_sdk_2025.6.2/platform/bootloader/storage/btl_storage.o
 .debug_loc     0x000040f4      0xc79 ./simplicity_sdk_2025.6.2/platform/bootloader/storage/btl_storage_library.o
 .debug_loc     0x00004d6d      0x2e9 ./simplicity_sdk_2025.6.2/platform/bootloader/storage/internal_flash/btl_storage_internal_flash.o
 .debug_loc     0x00005056     0x4123 ./simplicity_sdk_2025.6.2/platform/emlib/src/em_cmu.o
 .debug_loc     0x00009179      0xa2a ./simplicity_sdk_2025.6.2/platform/emlib/src/em_msc.o
 .debug_loc     0x00009ba3      0x47b ./simplicity_sdk_2025.6.2/platform/security/sl_component/se_manager/src/sl_se_manager.o
 .debug_loc     0x0000a01e     0x2183 ./simplicity_sdk_2025.6.2/platform/security/sl_component/se_manager/src/sl_se_manager_util.o
 .debug_loc     0x0000c1a1       0xc8 ./simplicity_sdk_2025.6.2/platform/security/sl_component/se_manager/src/sli_se_manager_mailbox.o
 .debug_loc     0x0000c269      0x694 ./simplicity_sdk_2025.6.2/platform/security/sl_component/sl_mbedtls_support/src/se_aes.o
 .debug_loc     0x0000c8fd       0x66 ./simplicity_sdk_2025.6.2/platform/service/memory_manager/src/sl_memory_manager_region.o

.debug_aranges  0x00000000      0xab0
 .debug_aranges
                0x00000000       0x38 ./simplicity_sdk_2025.6.2/platform/Device/SiliconLabs/EFR32ZG28/Source/startup_efr32zg28.o
 .debug_aranges
                0x00000038       0x90 ./simplicity_sdk_2025.6.2/platform/Device/SiliconLabs/EFR32ZG28/Source/system_efr32zg28.o
 .debug_aranges
                0x000000c8       0xe8 ./simplicity_sdk_2025.6.2/platform/bootloader/core/btl_bootload.o
 .debug_aranges
                0x000001b0       0x28 ./simplicity_sdk_2025.6.2/platform/bootloader/core/btl_core.o
 .debug_aranges
                0x000001d8       0x40 ./simplicity_sdk_2025.6.2/platform/bootloader/core/btl_main.o
 .debug_aranges
                0x00000218       0x38 ./simplicity_sdk_2025.6.2/platform/bootloader/core/btl_parse.o
 .debug_aranges
                0x00000250       0x68 ./simplicity_sdk_2025.6.2/platform/bootloader/core/btl_reset.o
 .debug_aranges
                0x000002b8       0x30 ./simplicity_sdk_2025.6.2/platform/bootloader/core/flash/btl_internal_flash.o
 .debug_aranges
                0x000002e8       0x20 ./simplicity_sdk_2025.6.2/platform/bootloader/parser/gbl/btl_gbl_format.o
 .debug_aranges
                0x00000308       0x50 ./simplicity_sdk_2025.6.2/platform/bootloader/parser/gbl/btl_gbl_parser.o
 .debug_aranges
                0x00000358       0x20 ./simplicity_sdk_2025.6.2/platform/bootloader/security/btl_crc32.o
 .debug_aranges
                0x00000378       0x40 ./simplicity_sdk_2025.6.2/platform/bootloader/security/btl_security_aes.o
 .debug_aranges
                0x000003b8       0x20 ./simplicity_sdk_2025.6.2/platform/bootloader/security/btl_security_ecdsa.o
 .debug_aranges
                0x000003d8       0x38 ./simplicity_sdk_2025.6.2/platform/bootloader/security/btl_security_sha256.o
 .debug_aranges
                0x00000410       0x30 ./simplicity_sdk_2025.6.2/platform/bootloader/security/btl_security_tokens.o
 .debug_aranges
                0x00000440       0x50 ./simplicity_sdk_2025.6.2/platform/bootloader/security/sha/btl_sha256.o
 .debug_aranges
                0x00000490       0x20 ./simplicity_sdk_2025.6.2/platform/bootloader/security/sha/se_sha.o
 .debug_aranges
                0x000004b0       0x30 ./simplicity_sdk_2025.6.2/platform/bootloader/storage/bootloadinfo/btl_storage_bootloadinfo_single.o
 .debug_aranges
                0x000004e0       0x30 ./simplicity_sdk_2025.6.2/platform/bootloader/storage/btl_storage.o
 .debug_aranges
                0x00000510       0x88 ./simplicity_sdk_2025.6.2/platform/bootloader/storage/btl_storage_library.o
 .debug_aranges
                0x00000598       0x68 ./simplicity_sdk_2025.6.2/platform/bootloader/storage/internal_flash/btl_storage_internal_flash.o
 .debug_aranges
                0x00000600      0x200 ./simplicity_sdk_2025.6.2/platform/emlib/src/em_cmu.o
 .debug_aranges
                0x00000800       0x80 ./simplicity_sdk_2025.6.2/platform/emlib/src/em_msc.o
 .debug_aranges
                0x00000880       0x60 ./simplicity_sdk_2025.6.2/platform/security/sl_component/se_manager/src/sl_se_manager.o
 .debug_aranges
                0x000008e0      0x120 ./simplicity_sdk_2025.6.2/platform/security/sl_component/se_manager/src/sl_se_manager_util.o
 .debug_aranges
                0x00000a00       0x38 ./simplicity_sdk_2025.6.2/platform/security/sl_component/se_manager/src/sli_se_manager_mailbox.o
 .debug_aranges
                0x00000a38       0x48 ./simplicity_sdk_2025.6.2/platform/security/sl_component/sl_mbedtls_support/src/se_aes.o
 .debug_aranges
                0x00000a80       0x30 ./simplicity_sdk_2025.6.2/platform/service/memory_manager/src/sl_memory_manager_region.o

.debug_ranges   0x00000000     0x1060
 .debug_ranges  0x00000000       0x40 ./simplicity_sdk_2025.6.2/platform/Device/SiliconLabs/EFR32ZG28/Source/startup_efr32zg28.o
 .debug_ranges  0x00000040       0x80 ./simplicity_sdk_2025.6.2/platform/Device/SiliconLabs/EFR32ZG28/Source/system_efr32zg28.o
 .debug_ranges  0x000000c0      0x148 ./simplicity_sdk_2025.6.2/platform/bootloader/core/btl_bootload.o
 .debug_ranges  0x00000208       0x18 ./simplicity_sdk_2025.6.2/platform/bootloader/core/btl_core.o
 .debug_ranges  0x00000220       0x78 ./simplicity_sdk_2025.6.2/platform/bootloader/core/btl_main.o
 .debug_ranges  0x00000298       0x28 ./simplicity_sdk_2025.6.2/platform/bootloader/core/btl_parse.o
 .debug_ranges  0x000002c0       0x58 ./simplicity_sdk_2025.6.2/platform/bootloader/core/btl_reset.o
 .debug_ranges  0x00000318       0x20 ./simplicity_sdk_2025.6.2/platform/bootloader/core/flash/btl_internal_flash.o
 .debug_ranges  0x00000338       0x28 ./simplicity_sdk_2025.6.2/platform/bootloader/parser/gbl/btl_gbl_format.o
 .debug_ranges  0x00000360      0x150 ./simplicity_sdk_2025.6.2/platform/bootloader/parser/gbl/btl_gbl_parser.o
 .debug_ranges  0x000004b0       0x10 ./simplicity_sdk_2025.6.2/platform/bootloader/security/btl_crc32.o
 .debug_ranges  0x000004c0       0x30 ./simplicity_sdk_2025.6.2/platform/bootloader/security/btl_security_aes.o
 .debug_ranges  0x000004f0       0x28 ./simplicity_sdk_2025.6.2/platform/bootloader/security/btl_security_ecdsa.o
 .debug_ranges  0x00000518       0x40 ./simplicity_sdk_2025.6.2/platform/bootloader/security/btl_security_sha256.o
 .debug_ranges  0x00000558       0x20 ./simplicity_sdk_2025.6.2/platform/bootloader/security/btl_security_tokens.o
 .debug_ranges  0x00000578       0xc8 ./simplicity_sdk_2025.6.2/platform/bootloader/security/sha/btl_sha256.o
 .debug_ranges  0x00000640       0x10 ./simplicity_sdk_2025.6.2/platform/bootloader/security/sha/se_sha.o
 .debug_ranges  0x00000650       0x38 ./simplicity_sdk_2025.6.2/platform/bootloader/storage/bootloadinfo/btl_storage_bootloadinfo_single.o
 .debug_ranges  0x00000688       0x20 ./simplicity_sdk_2025.6.2/platform/bootloader/storage/btl_storage.o
 .debug_ranges  0x000006a8       0xc0 ./simplicity_sdk_2025.6.2/platform/bootloader/storage/btl_storage_library.o
 .debug_ranges  0x00000768       0x70 ./simplicity_sdk_2025.6.2/platform/bootloader/storage/internal_flash/btl_storage_internal_flash.o
 .debug_ranges  0x000007d8      0x400 ./simplicity_sdk_2025.6.2/platform/emlib/src/em_cmu.o
 .debug_ranges  0x00000bd8      0x110 ./simplicity_sdk_2025.6.2/platform/emlib/src/em_msc.o
 .debug_ranges  0x00000ce8       0xa0 ./simplicity_sdk_2025.6.2/platform/security/sl_component/se_manager/src/sl_se_manager.o
 .debug_ranges  0x00000d88      0x190 ./simplicity_sdk_2025.6.2/platform/security/sl_component/se_manager/src/sl_se_manager_util.o
 .debug_ranges  0x00000f18       0x58 ./simplicity_sdk_2025.6.2/platform/security/sl_component/se_manager/src/sli_se_manager_mailbox.o
 .debug_ranges  0x00000f70       0xd0 ./simplicity_sdk_2025.6.2/platform/security/sl_component/sl_mbedtls_support/src/se_aes.o
 .debug_ranges  0x00001040       0x20 ./simplicity_sdk_2025.6.2/platform/service/memory_manager/src/sl_memory_manager_region.o

.debug_line     0x00000000     0xd1fc
 .debug_line    0x00000000      0x3f8 ./simplicity_sdk_2025.6.2/platform/Device/SiliconLabs/EFR32ZG28/Source/startup_efr32zg28.o
 .debug_line    0x000003f8      0x562 ./simplicity_sdk_2025.6.2/platform/Device/SiliconLabs/EFR32ZG28/Source/system_efr32zg28.o
 .debug_line    0x0000095a      0xbf9 ./simplicity_sdk_2025.6.2/platform/bootloader/core/btl_bootload.o
 .debug_line    0x00001553      0x1d2 ./simplicity_sdk_2025.6.2/platform/bootloader/core/btl_core.o
 .debug_line    0x00001725      0x9ce ./simplicity_sdk_2025.6.2/platform/bootloader/core/btl_main.o
 .debug_line    0x000020f3      0x57d ./simplicity_sdk_2025.6.2/platform/bootloader/core/btl_parse.o
 .debug_line    0x00002670      0x3f7 ./simplicity_sdk_2025.6.2/platform/bootloader/core/btl_reset.o
 .debug_line    0x00002a67      0x372 ./simplicity_sdk_2025.6.2/platform/bootloader/core/flash/btl_internal_flash.o
 .debug_line    0x00002dd9      0x243 ./simplicity_sdk_2025.6.2/platform/bootloader/parser/gbl/btl_gbl_format.o
 .debug_line    0x0000301c      0xf9a ./simplicity_sdk_2025.6.2/platform/bootloader/parser/gbl/btl_gbl_parser.o
 .debug_line    0x00003fb6      0x2b4 ./simplicity_sdk_2025.6.2/platform/bootloader/security/btl_crc32.o
 .debug_line    0x0000426a      0x4dc ./simplicity_sdk_2025.6.2/platform/bootloader/security/btl_security_aes.o
 .debug_line    0x00004746      0x3dc ./simplicity_sdk_2025.6.2/platform/bootloader/security/btl_security_ecdsa.o
 .debug_line    0x00004b22      0x358 ./simplicity_sdk_2025.6.2/platform/bootloader/security/btl_security_sha256.o
 .debug_line    0x00004e7a      0x3ca ./simplicity_sdk_2025.6.2/platform/bootloader/security/btl_security_tokens.o
 .debug_line    0x00005244      0x50a ./simplicity_sdk_2025.6.2/platform/bootloader/security/sha/btl_sha256.o
 .debug_line    0x0000574e      0x3ac ./simplicity_sdk_2025.6.2/platform/bootloader/security/sha/se_sha.o
 .debug_line    0x00005afa      0x287 ./simplicity_sdk_2025.6.2/platform/bootloader/storage/bootloadinfo/btl_storage_bootloadinfo_single.o
 .debug_line    0x00005d81      0x595 ./simplicity_sdk_2025.6.2/platform/bootloader/storage/btl_storage.o
 .debug_line    0x00006316      0xa91 ./simplicity_sdk_2025.6.2/platform/bootloader/storage/btl_storage_library.o
 .debug_line    0x00006da7      0x5f6 ./simplicity_sdk_2025.6.2/platform/bootloader/storage/internal_flash/btl_storage_internal_flash.o
 .debug_line    0x0000739d     0x2cb3 ./simplicity_sdk_2025.6.2/platform/emlib/src/em_cmu.o
 .debug_line    0x0000a050      0x9a2 ./simplicity_sdk_2025.6.2/platform/emlib/src/em_msc.o
 .debug_line    0x0000a9f2      0x63e ./simplicity_sdk_2025.6.2/platform/security/sl_component/se_manager/src/sl_se_manager.o
 .debug_line    0x0000b030     0x1280 ./simplicity_sdk_2025.6.2/platform/security/sl_component/se_manager/src/sl_se_manager_util.o
 .debug_line    0x0000c2b0      0x460 ./simplicity_sdk_2025.6.2/platform/security/sl_component/se_manager/src/sli_se_manager_mailbox.o
 .debug_line    0x0000c710      0x822 ./simplicity_sdk_2025.6.2/platform/security/sl_component/sl_mbedtls_support/src/se_aes.o
 .debug_line    0x0000cf32      0x2ca ./simplicity_sdk_2025.6.2/platform/service/memory_manager/src/sl_memory_manager_region.o

.debug_str      0x00000000     0xaa07
 .debug_str     0x00000000      0x6cc ./simplicity_sdk_2025.6.2/platform/Device/SiliconLabs/EFR32ZG28/Source/startup_efr32zg28.o
                                0x86d (size before relaxing)
 .debug_str     0x000006cc      0xd61 ./simplicity_sdk_2025.6.2/platform/Device/SiliconLabs/EFR32ZG28/Source/system_efr32zg28.o
                               0x1047 (size before relaxing)
 .debug_str     0x0000142d      0xa72 ./simplicity_sdk_2025.6.2/platform/bootloader/core/btl_bootload.o
                               0x1c72 (size before relaxing)
 .debug_str     0x00001e9f       0x77 ./simplicity_sdk_2025.6.2/platform/bootloader/core/btl_core.o
                                0x25f (size before relaxing)
 .debug_str     0x00001f16     0x12b3 ./simplicity_sdk_2025.6.2/platform/bootloader/core/btl_main.o
                               0x2783 (size before relaxing)
 .debug_str     0x000031c9       0x87 ./simplicity_sdk_2025.6.2/platform/bootloader/core/btl_parse.o
                                0xaaa (size before relaxing)
 .debug_str     0x00003250       0xb6 ./simplicity_sdk_2025.6.2/platform/bootloader/core/btl_reset.o
                                0x4bd (size before relaxing)
 .debug_str     0x00003306      0x5b2 ./simplicity_sdk_2025.6.2/platform/bootloader/core/flash/btl_internal_flash.o
                               0x12c6 (size before relaxing)
 .debug_str     0x000038b8       0xc6 ./simplicity_sdk_2025.6.2/platform/bootloader/parser/gbl/btl_gbl_format.o
                                0x4c8 (size before relaxing)
 .debug_str     0x0000397e      0x357 ./simplicity_sdk_2025.6.2/platform/bootloader/parser/gbl/btl_gbl_parser.o
                               0x110a (size before relaxing)
 .debug_str     0x00003cd5      0x1d2 ./simplicity_sdk_2025.6.2/platform/bootloader/security/btl_crc32.o
                                0xf3c (size before relaxing)
 .debug_str     0x00003ea7      0x12e ./simplicity_sdk_2025.6.2/platform/bootloader/security/btl_security_aes.o
                                0xf9c (size before relaxing)
 .debug_str     0x00003fd5       0xbe ./simplicity_sdk_2025.6.2/platform/bootloader/security/btl_security_ecdsa.o
                                0xf59 (size before relaxing)
 .debug_str     0x00004093       0xcd ./simplicity_sdk_2025.6.2/platform/bootloader/security/btl_security_sha256.o
                                0xe64 (size before relaxing)
 .debug_str     0x00004160      0x160 ./simplicity_sdk_2025.6.2/platform/bootloader/security/btl_security_tokens.o
                                0xf3a (size before relaxing)
 .debug_str     0x000042c0      0x128 ./simplicity_sdk_2025.6.2/platform/bootloader/security/sha/btl_sha256.o
                                0x3ee (size before relaxing)
 .debug_str     0x000043e8       0x70 ./simplicity_sdk_2025.6.2/platform/bootloader/security/sha/se_sha.o
                                0xf3f (size before relaxing)
 .debug_str     0x00004458       0xb8 ./simplicity_sdk_2025.6.2/platform/bootloader/storage/bootloadinfo/btl_storage_bootloadinfo_single.o
                                0x2c2 (size before relaxing)
 .debug_str     0x00004510      0x116 ./simplicity_sdk_2025.6.2/platform/bootloader/storage/btl_storage.o
                                0xebd (size before relaxing)
 .debug_str     0x00004626      0x1ab ./simplicity_sdk_2025.6.2/platform/bootloader/storage/btl_storage_library.o
                               0x10c6 (size before relaxing)
 .debug_str     0x000047d1       0xbe ./simplicity_sdk_2025.6.2/platform/bootloader/storage/internal_flash/btl_storage_internal_flash.o
                               0x12b1 (size before relaxing)
 .debug_str     0x0000488f     0x4daf ./simplicity_sdk_2025.6.2/platform/emlib/src/em_cmu.o
                               0x6801 (size before relaxing)
 .debug_str     0x0000963e      0x854 ./simplicity_sdk_2025.6.2/platform/emlib/src/em_msc.o
                               0x1d4d (size before relaxing)
 .debug_str     0x00009e92      0x150 ./simplicity_sdk_2025.6.2/platform/security/sl_component/se_manager/src/sl_se_manager.o
                                0xfe0 (size before relaxing)
 .debug_str     0x00009fe2      0x7fd ./simplicity_sdk_2025.6.2/platform/security/sl_component/se_manager/src/sl_se_manager_util.o
                               0x1c16 (size before relaxing)
 .debug_str     0x0000a7df       0x6f ./simplicity_sdk_2025.6.2/platform/security/sl_component/se_manager/src/sli_se_manager_mailbox.o
                                0x3e2 (size before relaxing)
 .debug_str     0x0000a84e       0xe1 ./simplicity_sdk_2025.6.2/platform/security/sl_component/sl_mbedtls_support/src/se_aes.o
                                0x5ca (size before relaxing)
 .debug_str     0x0000a92f       0xd8 ./simplicity_sdk_2025.6.2/platform/service/memory_manager/src/sl_memory_manager_region.o
                                0x2ca (size before relaxing)

.debug_frame    0x00000000     0x1b24
 .debug_frame   0x00000000       0x58 ./simplicity_sdk_2025.6.2/platform/Device/SiliconLabs/EFR32ZG28/Source/startup_efr32zg28.o
 .debug_frame   0x00000058      0x108 ./simplicity_sdk_2025.6.2/platform/Device/SiliconLabs/EFR32ZG28/Source/system_efr32zg28.o
 .debug_frame   0x00000160      0x290 ./simplicity_sdk_2025.6.2/platform/bootloader/core/btl_bootload.o
 .debug_frame   0x000003f0       0x30 ./simplicity_sdk_2025.6.2/platform/bootloader/core/btl_core.o
 .debug_frame   0x00000420       0x84 ./simplicity_sdk_2025.6.2/platform/bootloader/core/btl_main.o
 .debug_frame   0x000004a4       0x88 ./simplicity_sdk_2025.6.2/platform/bootloader/core/btl_parse.o
 .debug_frame   0x0000052c       0xd0 ./simplicity_sdk_2025.6.2/platform/bootloader/core/btl_reset.o
 .debug_frame   0x000005fc       0x60 ./simplicity_sdk_2025.6.2/platform/bootloader/core/flash/btl_internal_flash.o
 .debug_frame   0x0000065c       0x2c ./simplicity_sdk_2025.6.2/platform/bootloader/parser/gbl/btl_gbl_format.o
 .debug_frame   0x00000688       0xfc ./simplicity_sdk_2025.6.2/platform/bootloader/parser/gbl/btl_gbl_parser.o
 .debug_frame   0x00000784       0x2c ./simplicity_sdk_2025.6.2/platform/bootloader/security/btl_crc32.o
 .debug_frame   0x000007b0       0x88 ./simplicity_sdk_2025.6.2/platform/bootloader/security/btl_security_aes.o
 .debug_frame   0x00000838       0x3c ./simplicity_sdk_2025.6.2/platform/bootloader/security/btl_security_ecdsa.o
 .debug_frame   0x00000874       0x64 ./simplicity_sdk_2025.6.2/platform/bootloader/security/btl_security_sha256.o
 .debug_frame   0x000008d8       0x58 ./simplicity_sdk_2025.6.2/platform/bootloader/security/btl_security_tokens.o
 .debug_frame   0x00000930       0xcc ./simplicity_sdk_2025.6.2/platform/bootloader/security/sha/btl_sha256.o
 .debug_frame   0x000009fc       0x38 ./simplicity_sdk_2025.6.2/platform/bootloader/security/sha/se_sha.o
 .debug_frame   0x00000a34       0x48 ./simplicity_sdk_2025.6.2/platform/bootloader/storage/bootloadinfo/btl_storage_bootloadinfo_single.o
 .debug_frame   0x00000a7c       0x54 ./simplicity_sdk_2025.6.2/platform/bootloader/storage/btl_storage.o
 .debug_frame   0x00000ad0      0x1c0 ./simplicity_sdk_2025.6.2/platform/bootloader/storage/btl_storage_library.o
 .debug_frame   0x00000c90       0xe0 ./simplicity_sdk_2025.6.2/platform/bootloader/storage/internal_flash/btl_storage_internal_flash.o
 .debug_frame   0x00000d70      0x5e0 ./simplicity_sdk_2025.6.2/platform/emlib/src/em_cmu.o
 .debug_frame   0x00001350      0x174 ./simplicity_sdk_2025.6.2/platform/emlib/src/em_msc.o
 .debug_frame   0x000014c4       0xb8 ./simplicity_sdk_2025.6.2/platform/security/sl_component/se_manager/src/sl_se_manager.o
 .debug_frame   0x0000157c      0x3f0 ./simplicity_sdk_2025.6.2/platform/security/sl_component/se_manager/src/sl_se_manager_util.o
 .debug_frame   0x0000196c       0x50 ./simplicity_sdk_2025.6.2/platform/security/sl_component/se_manager/src/sli_se_manager_mailbox.o
 .debug_frame   0x000019bc       0xb8 ./simplicity_sdk_2025.6.2/platform/security/sl_component/sl_mbedtls_support/src/se_aes.o
 .debug_frame   0x00001a74       0x40 ./simplicity_sdk_2025.6.2/platform/service/memory_manager/src/sl_memory_manager_region.o
 .debug_frame   0x00001ab4       0x28 d:/siliconlabs/simplicitystudio/v5/developer/toolchains/gnu_arm/12.2.rel1_2023.7/bin/../lib/gcc/arm-none-eabi/12.2.1/thumb/v8-m.main+fp/hard\libc_nano.a(libc_a-memcmp.o)
 .debug_frame   0x00001adc       0x20 d:/siliconlabs/simplicitystudio/v5/developer/toolchains/gnu_arm/12.2.rel1_2023.7/bin/../lib/gcc/arm-none-eabi/12.2.1/thumb/v8-m.main+fp/hard\libc_nano.a(libc_a-memset.o)
 .debug_frame   0x00001afc       0x28 d:/siliconlabs/simplicitystudio/v5/developer/toolchains/gnu_arm/12.2.rel1_2023.7/bin/../lib/gcc/arm-none-eabi/12.2.1/thumb/v8-m.main+fp/hard\libc_nano.a(libc_a-memcpy-stub.o)
